// Jest Snapshot v1, https://goo.gl/fbAQLP

exports[`Storyshots Checkbox Default 1`] = `
<View
  style={
    Object {
      "alignItems": "center",
      "backgroundColor": "#F5FCFF",
      "flex": 1,
      "justifyContent": "center",
    }
  }
>
  <View
    accessibilityComponentType={undefined}
    accessibilityLabel={undefined}
    accessibilityTraits={undefined}
    accessible={true}
    active={undefined}
    hitSlop={undefined}
    onLayout={undefined}
    onResponderGrant={[Function]}
    onResponderMove={[Function]}
    onResponderRelease={[Function]}
    onResponderTerminate={[Function]}
    onResponderTerminationRequest={[Function]}
    onStartShouldSetResponder={[Function]}
    style={
      Array [
        Object {
          "alignItems": "center",
          "justifyContent": "center",
        },
        undefined,
      ]
    }
    testID={undefined}
  >
    <View
      aria-checked="false"
      disabled={false}
      role="checkbox"
      style={
        Array [
          Object {
            "alignItems": "center",
            "justifyContent": "center",
          },
          Array [
            Object {
              "flexDirection": "row",
            },
            undefined,
          ],
        ]
      }
      tabIndex="0"
    >
      <View
        checked={false}
        error={false}
        style={
          Array [
            Object {
              "alignItems": "center",
              "borderColor": "#b7b7b7",
              "borderRadius": 3.5,
              "borderStyle": "solid",
              "borderWidth": 1,
              "height": 17.5,
              "justifyContent": "center",
              "width": 17.5,
            },
            undefined,
          ]
        }
      />
      <Text
        accessible={true}
        allowFontScaling={true}
        ellipsizeMode="tail"
        style={
          Array [
            Object {
              "color": "#333333",
              "fontFamily": "Helvetica",
              "fontSize": 15.75,
              "fontWeight": "500",
              "lineHeight": 18,
              "marginLeft": 17.5,
            },
            undefined,
          ]
        }
      >
        Checkbox title
      </Text>
    </View>
  </View>
</View>
`;
