// Jest Snapshot v1, https://goo.gl/fbAQLP

exports[`Storyshots List default 1`] = `
<div
  className="sc-jDwBTQ dWtMUn sc-jAaTju bGMXA"
>
  <div
    className="sc-cMljjf eTbdzc"
  >
    Header
  </div>
  <ul
    className="sc-brqgnP SqPLV"
  >
    <li
      className="sc-gPEVay fhEiWg"
    >
      looong teexttt ttttttttttttttttt
    </li>
    <li
      className="sc-gPEVay fhEiWg"
    >
      short text
    </li>
    <li
      className="sc-gPEVay fhEiWg"
    >
      looong teexttt ttttttttttttttttt
    </li>
    <li
      className="sc-gPEVay fhEiWg"
    >
      looong teexttt ttttttttttttttttt
    </li>
    <li
      className="sc-gPEVay fhEiWg"
    >
      looong teexttt ttttttttttttttttt
    </li>
    <li
      className="sc-gPEVay fhEiWg"
    >
      short text
    </li>
    <li
      className="sc-gPEVay fhEiWg"
    >
      looong teexttt ttttttttttttttttt
    </li>
    <li
      className="sc-gPEVay fhEiWg"
    >
      looong teexttt ttttttttttttttttt
    </li>
    <li
      className="sc-gPEVay fhEiWg"
    >
      looong teexttt ttttttttttttttttt
    </li>
  </ul>
</div>
`;
