// Jest Snapshot v1, https://goo.gl/fbAQLP

exports[`Storyshots NewsFeed default 1`] = `
<div
  className="sc-gisBJw kDlVKO sc-caSCKo gFwIiY"
>
  <ul
    className="sc-fAjcbJ byigni"
  >
    <li
      className="sc-TOsTZ kjYrri sc-cHGsZl dFRBhy"
    >
      <span
        className="top sc-dnqmqq bDsesi"
      >
        example
         - 
        Today at 2:00 PM
      </span>
      <div
        className="bottom sc-bdVaJa bDWFJH"
      >
        example example example example
        <img
          alt="news image"
          className="sc-kjoXOD hpTAeq"
          src="https://placehold.it/125x521"
        />
      </div>
    </li>
    <li
      className="sc-TOsTZ kjYrri sc-cHGsZl dFRBhy"
    >
      <span
        className="top sc-dnqmqq bDsesi"
      >
        example
         - 
        Today at 2:00 PM
      </span>
      <div
        className="bottom sc-bdVaJa bDWFJH"
      >
        example example example example
        <img
          alt="news image"
          className="sc-kjoXOD hpTAeq"
          src="https://placehold.it/521x125"
        />
      </div>
    </li>
    <li
      className="sc-TOsTZ kjYrri sc-cHGsZl dFRBhy"
    >
      <span
        className="top sc-dnqmqq bDsesi"
      >
        example
         - 
        Today at 2:00 PM
      </span>
      <div
        className="bottom sc-bdVaJa bDWFJH"
      >
        example example example example
        <img
          alt="news image"
          className="sc-kjoXOD hpTAeq"
          src="https://placehold.it/500x500"
        />
      </div>
    </li>
    <li
      className="sc-TOsTZ kjYrri sc-cHGsZl dFRBhy"
    >
      <span
        className="top sc-dnqmqq bDsesi"
      >
        example
         - 
        Yesterday at 2:00 PM
      </span>
      <div
        className="bottom sc-bdVaJa bDWFJH"
      >
        example example example example
        <img
          alt="news image"
          className="sc-kjoXOD hpTAeq"
          src="https://placehold.it/50x50"
        />
      </div>
    </li>
  </ul>
  <div
    className="sc-bdVaJa bDWFJH"
  >
    <button
      className="sc-htpNat dFpKTM"
    >
      Näytä lísää
    </button>
  </div>
</div>
`;
