// Jest Snapshot v1, https://goo.gl/fbAQLP

exports[`Storyshots Notification Error 1`] = `
<div>
  <div
    className="undefined sc-dUjcNx dRRkot"
  >
    <div
      className="content sc-jqCOkK heXNii"
    >
      <div
        className="icon sc-jqCOkK heXNii"
      />
      <div
        className="message sc-jqCOkK heXNii"
      />
    </div>
  </div>
  <button
    className="sc-htpNat dFpKTM"
    onClick={[Function]}
  >
    Error title, close
  </button>
  <button
    className="sc-htpNat dFpKTM"
    onClick={[Function]}
  >
    Error title + text, close
  </button>
  <button
    className="sc-htpNat dFpKTM"
    onClick={[Function]}
  >
    Success title + text, timeout
  </button>
  <button
    className="sc-htpNat dFpKTM"
    onClick={[Function]}
  >
    Success text, custom fast timeout
  </button>
  <button
    className="sc-htpNat dFpKTM"
    onClick={[Function]}
  >
    Error titleLink, close
  </button>
  <button
    className="sc-htpNat dFpKTM"
    onClick={[Function]}
  >
    Error titleLink and textLink, close
  </button>
  <button
    className="sc-htpNat dFpKTM"
    onClick={[Function]}
  >
    Success everything notification, close
  </button>
  <button
    className="sc-htpNat dFpKTM"
    onClick={[Function]}
  >
    Neutral, close
  </button>
  <button
    className="sc-htpNat dFpKTM"
    onClick={[Function]}
  >
    Netural everything notification, close
  </button>
</div>
`;
