// Jest Snapshot v1, https://goo.gl/fbAQLP

exports[`Storyshots Wrapper Activatable 1`] = `
<span>
  <div
    className="sc-eerKOB dOuxIn"
  >
    <div
      className="sc-VigVT hjRoCW sc-gZMcBi dyYxFP"
    >
      <span>
        Active
      </span>
    </div>
  </div>
  <div
    className="sc-eerKOB dOuxIn"
  >
    <div
      className="sc-VigVT hjRoCW sc-gZMcBi foLCCt"
    >
      <span>
        Inactive
      </span>
    </div>
  </div>
  <div
    className="sc-eerKOB dOuxIn"
  >
    <div
      className="sc-VigVT hjRoCW sc-gZMcBi QnHAw"
    >
      <span>
        Active
      </span>
      <div
        className="sc-gqjmRU jWXuAz"
      />
    </div>
  </div>
  <div
    className="sc-eerKOB dOuxIn"
  >
    <div
      className="sc-VigVT hjRoCW sc-gZMcBi QnHAw"
    >
      <span>
        Inactive
      </span>
      <div
        className="sc-gqjmRU hgTulP"
      />
    </div>
  </div>
</span>
`;

exports[`Storyshots Wrapper Flex 1`] = `
<div
  className="sc-eilVRo blkyjo"
>
  <div
    className="sc-iwsKbI hAZHJM"
  >
    <span>
      Span
    </span>
    <button>
      Button
    </button>
    <div>
      Div
    </div>
  </div>
</div>
`;
