// Jest Snapshot v1, https://goo.gl/fbAQLP

exports[`Storyshots List default 1`] = `
<div
  className="List-jQAhzN hDLPiV sc-chPdSV fUvizc"
>
  <div
    className="sc-kAzzGY jHprQs"
  >
    Header
  </div>
  <ul
    className="List__Ul-gdwlae cYksav"
  >
    <li
      className="ListItem__ListItem-hJereO dOnQay"
    >
      looong teexttt ttttttttttttttttt
    </li>
    <li
      className="ListItem__ListItem-hJereO dOnQay"
    >
      short text
    </li>
    <li
      className="ListItem__ListItem-hJereO dOnQay"
    >
      looong teexttt ttttttttttttttttt
    </li>
    <li
      className="ListItem__ListItem-hJereO dOnQay"
    >
      looong teexttt ttttttttttttttttt
    </li>
    <li
      className="ListItem__ListItem-hJereO dOnQay"
    >
      looong teexttt ttttttttttttttttt
    </li>
    <li
      className="ListItem__ListItem-hJereO dOnQay"
    >
      short text
    </li>
    <li
      className="ListItem__ListItem-hJereO dOnQay"
    >
      looong teexttt ttttttttttttttttt
    </li>
    <li
      className="ListItem__ListItem-hJereO dOnQay"
    >
      looong teexttt ttttttttttttttttt
    </li>
    <li
      className="ListItem__ListItem-hJereO dOnQay"
    >
      looong teexttt ttttttttttttttttt
    </li>
  </ul>
</div>
`;
