// Jest Snapshot v1, https://goo.gl/fbAQLP

exports[`Storyshots List default 1`] = `
<div
  className="sc-kpOJdX kAzjOl sc-kGXeez byAGc"
>
  <div
    className="sc-kgoBCf kVSTZj"
  >
    Header
  </div>
  <ul
    className="sc-chPdSV byfFmt"
  >
    <li
      className="sc-dxgOiQ hEPRki"
    >
      looong teexttt ttttttttttttttttt
    </li>
    <li
      className="sc-dxgOiQ hEPRki"
    >
      short text
    </li>
    <li
      className="sc-dxgOiQ hEPRki"
    >
      looong teexttt ttttttttttttttttt
    </li>
    <li
      className="sc-dxgOiQ hEPRki"
    >
      looong teexttt ttttttttttttttttt
    </li>
    <li
      className="sc-dxgOiQ hEPRki"
    >
      looong teexttt ttttttttttttttttt
    </li>
    <li
      className="sc-dxgOiQ hEPRki"
    >
      short text
    </li>
    <li
      className="sc-dxgOiQ hEPRki"
    >
      looong teexttt ttttttttttttttttt
    </li>
    <li
      className="sc-dxgOiQ hEPRki"
    >
      looong teexttt ttttttttttttttttt
    </li>
    <li
      className="sc-dxgOiQ hEPRki"
    >
      looong teexttt ttttttttttttttttt
    </li>
  </ul>
</div>
`;
