// Jest Snapshot v1, https://goo.gl/fbAQLP

exports[`Storyshots List default 1`] = `
<div
  className="sc-brqgnP SqPLV sc-jWBwVP frbQOn"
>
  <div
    className="sc-cvbbAY dbHDoR"
  >
    Header
  </div>
  <ul
    className="sc-eHgmQL gmKbQu"
  >
    <li
      className="sc-cMljjf ioenOh"
    >
      looong teexttt ttttttttttttttttt
    </li>
    <li
      className="sc-cMljjf ioenOh"
    >
      short text
    </li>
    <li
      className="sc-cMljjf ioenOh"
    >
      looong teexttt ttttttttttttttttt
    </li>
    <li
      className="sc-cMljjf ioenOh"
    >
      looong teexttt ttttttttttttttttt
    </li>
    <li
      className="sc-cMljjf ioenOh"
    >
      looong teexttt ttttttttttttttttt
    </li>
    <li
      className="sc-cMljjf ioenOh"
    >
      short text
    </li>
    <li
      className="sc-cMljjf ioenOh"
    >
      looong teexttt ttttttttttttttttt
    </li>
    <li
      className="sc-cMljjf ioenOh"
    >
      looong teexttt ttttttttttttttttt
    </li>
    <li
      className="sc-cMljjf ioenOh"
    >
      looong teexttt ttttttttttttttttt
    </li>
  </ul>
</div>
`;
