// Jest Snapshot v1, https://goo.gl/fbAQLP

exports[`Storyshots Tabs default 1`] = `
<div
  className="sc-btzYZH kXyjbn"
>
  <div
    className="rn-alignItems-1oszu61 rn-backgroundColor-44z8sh rn-borderTopColor-1tvzubb rn-borderRightColor-1mf7otu rn-borderBottomColor-1nykn6n rn-borderLeftColor-ub6kyj rn-borderTopStyle-1efd50x rn-borderRightStyle-14skgim rn-borderBottomStyle-rull8r rn-borderLeftStyle-mm0ijv rn-borderTopWidth-5kkj8d rn-borderRightWidth-13l2t4g rn-borderBottomWidth-qklmqi rn-borderLeftWidth-1ljd8xs rn-boxSizing-deolkf rn-display-6koalj rn-flexShrink-1qe8dj5 rn-flexBasis-1mlwlqe rn-flexDirection-eqz5dr rn-justifyContent-1777fci rn-marginTop-1mnahxq rn-marginRight-61z16t rn-marginBottom-p1pxzi rn-marginLeft-11wrixw rn-minHeight-ifefl9 rn-minWidth-bcqeeo rn-paddingTop-wk8lta rn-paddingRight-9aemit rn-paddingBottom-1mdbw0j rn-paddingLeft-gy4na3 rn-position-bnwqim rn-width-13qz1uu"
  >
    <div
      className="rn-alignItems-1oszu61 rn-borderTopStyle-1efd50x rn-borderRightStyle-14skgim rn-borderBottomStyle-rull8r rn-borderLeftStyle-mm0ijv rn-borderTopWidth-13yce4e rn-borderRightWidth-fnigne rn-borderBottomWidth-ndvcnb rn-borderLeftWidth-gxnn5r rn-boxSizing-deolkf rn-display-6koalj rn-flexShrink-1qe8dj5 rn-flexBasis-1mlwlqe rn-flexDirection-18u37iz rn-justifyContent-1777fci rn-marginTop-1mnahxq rn-marginRight-61z16t rn-marginBottom-p1pxzi rn-marginLeft-11wrixw rn-minHeight-ifefl9 rn-minWidth-bcqeeo rn-paddingTop-wk8lta rn-paddingRight-9aemit rn-paddingBottom-1mdbw0j rn-paddingLeft-gy4na3 rn-position-bnwqim"
    >
      <div
        className="rn-alignItems-1awozwy rn-borderTopStyle-1efd50x rn-borderRightStyle-14skgim rn-borderBottomStyle-rull8r rn-borderLeftStyle-mm0ijv rn-borderTopWidth-13yce4e rn-borderRightWidth-fnigne rn-borderBottomWidth-ndvcnb rn-borderLeftWidth-gxnn5r rn-boxSizing-deolkf rn-display-6koalj rn-flexShrink-1qe8dj5 rn-flexBasis-1mlwlqe rn-flexDirection-eqz5dr rn-justifyContent-1777fci rn-marginTop-1mnahxq rn-marginRight-61z16t rn-marginBottom-p1pxzi rn-marginLeft-11wrixw rn-minHeight-ifefl9 rn-minWidth-bcqeeo rn-paddingTop-wk8lta rn-paddingRight-9aemit rn-paddingBottom-1mdbw0j rn-paddingLeft-gy4na3 rn-position-bnwqim"
        onPress={[Function]}
      >
        <div
          className="rn-alignItems-1oszu61 rn-backgroundColor-14rzr3 rn-borderBottomWidth-qklmqi rn-borderTopColor-1tvzubb rn-borderRightColor-1mf7otu rn-borderBottomColor-1nykn6n rn-borderLeftColor-ub6kyj rn-borderRightWidth-13l2t4g rn-borderTopStyle-1efd50x rn-borderRightStyle-14skgim rn-borderBottomStyle-rull8r rn-borderLeftStyle-mm0ijv rn-borderTopWidth-13yce4e rn-borderLeftWidth-gxnn5r rn-boxSizing-deolkf rn-cursor-1loqt21 rn-display-6koalj rn-flexBasis-1iusvr4 rn-flexDirection-18u37iz rn-flexGrow-16y2uox rn-flexShrink-1wbh5a2 rn-justifyContent-1777fci rn-marginTop-1mnahxq rn-marginRight-61z16t rn-marginBottom-p1pxzi rn-marginLeft-11wrixw rn-minHeight-ifefl9 rn-minWidth-bcqeeo rn-paddingTop-wk8lta rn-paddingRight-9aemit rn-paddingBottom-1mdbw0j rn-paddingLeft-gy4na3 rn-position-bnwqim"
          onKeyPress={[Function]}
          role="button"
          tabIndex="0"
        >
          <div
            className="rn-alignItems-1awozwy rn-borderTopColor-yhjsbo rn-borderRightColor-o38ixj rn-borderBottomColor-85ahfa rn-borderLeftColor-1eno36 rn-borderTopStyle-1efd50x rn-borderRightStyle-14skgim rn-borderBottomStyle-rull8r rn-borderLeftStyle-mm0ijv rn-borderTopWidth-eujbse rn-borderRightWidth-fnigne rn-borderBottomWidth-ndvcnb rn-borderLeftWidth-gxnn5r rn-boxSizing-deolkf rn-display-6koalj rn-flexBasis-1iusvr4 rn-flexDirection-18u37iz rn-flexGrow-16y2uox rn-flexShrink-1wbh5a2 rn-justifyContent-1777fci rn-marginTop-1mnahxq rn-marginRight-n63t5 rn-marginLeft-bn6a27 rn-marginBottom-t5to09 rn-minHeight-ifefl9 rn-minWidth-bcqeeo rn-paddingRight-9aemit rn-paddingBottom-1mdbw0j rn-paddingLeft-gy4na3 rn-paddingTop-tux3g4 rn-position-bnwqim"
          >
            <div
              className="rn-borderTopWidth-13yce4e rn-borderRightWidth-fnigne rn-borderBottomWidth-ndvcnb rn-borderLeftWidth-gxnn5r rn-color-14kmah0 rn-display-1471scf rn-font-1lw9tu2 rn-fontFamily-18elh3t rn-fontSize-pv2lrm rn-marginTop-1mnahxq rn-marginRight-61z16t rn-marginBottom-p1pxzi rn-marginLeft-11wrixw rn-paddingTop-wk8lta rn-paddingRight-9aemit rn-paddingBottom-1mdbw0j rn-paddingLeft-gy4na3 rn-textDecoration-bauka4 rn-whiteSpace-q42fyq rn-wordWrap-qvutc0"
              dir="auto"
              icon={false}
            >
              FIRST
            </div>
          </div>
        </div>
      </div>
      <div
        className="rn-alignItems-1awozwy rn-borderTopStyle-1efd50x rn-borderRightStyle-14skgim rn-borderBottomStyle-rull8r rn-borderLeftStyle-mm0ijv rn-borderTopWidth-13yce4e rn-borderRightWidth-fnigne rn-borderBottomWidth-ndvcnb rn-borderLeftWidth-gxnn5r rn-boxSizing-deolkf rn-display-6koalj rn-flexShrink-1qe8dj5 rn-flexBasis-1mlwlqe rn-flexDirection-eqz5dr rn-justifyContent-1777fci rn-marginTop-1mnahxq rn-marginRight-61z16t rn-marginBottom-p1pxzi rn-marginLeft-11wrixw rn-minHeight-ifefl9 rn-minWidth-bcqeeo rn-paddingTop-wk8lta rn-paddingRight-9aemit rn-paddingBottom-1mdbw0j rn-paddingLeft-gy4na3 rn-position-bnwqim"
        onPress={[Function]}
      >
        <div
          className="rn-alignItems-1oszu61 rn-backgroundColor-44z8sh rn-borderBottomColor-85ahfa rn-borderBottomWidth-qklmqi rn-borderTopColor-1tvzubb rn-borderRightColor-1mf7otu rn-borderLeftColor-ub6kyj rn-borderRightWidth-13l2t4g rn-borderTopStyle-1efd50x rn-borderRightStyle-14skgim rn-borderBottomStyle-rull8r rn-borderLeftStyle-mm0ijv rn-borderTopWidth-13yce4e rn-borderLeftWidth-gxnn5r rn-boxSizing-deolkf rn-cursor-1loqt21 rn-display-6koalj rn-flexBasis-1iusvr4 rn-flexDirection-18u37iz rn-flexGrow-16y2uox rn-flexShrink-1wbh5a2 rn-justifyContent-1777fci rn-marginTop-1mnahxq rn-marginRight-61z16t rn-marginBottom-p1pxzi rn-marginLeft-11wrixw rn-minHeight-ifefl9 rn-minWidth-bcqeeo rn-paddingTop-wk8lta rn-paddingRight-9aemit rn-paddingBottom-1mdbw0j rn-paddingLeft-gy4na3 rn-position-bnwqim"
          onKeyPress={[Function]}
          role="button"
          tabIndex="0"
        >
          <div
            className="rn-alignItems-1awozwy rn-borderTopColor-u3wbm8 rn-borderRightColor-madm3w rn-borderBottomColor-5lzcx3 rn-borderLeftColor-19wuy89 rn-borderTopStyle-1efd50x rn-borderRightStyle-14skgim rn-borderBottomStyle-rull8r rn-borderLeftStyle-mm0ijv rn-borderTopWidth-eujbse rn-borderRightWidth-fnigne rn-borderBottomWidth-ndvcnb rn-borderLeftWidth-gxnn5r rn-boxSizing-deolkf rn-display-6koalj rn-flexBasis-1iusvr4 rn-flexDirection-18u37iz rn-flexGrow-16y2uox rn-flexShrink-1wbh5a2 rn-justifyContent-1777fci rn-marginTop-1mnahxq rn-marginRight-n63t5 rn-marginLeft-bn6a27 rn-marginBottom-t5to09 rn-minHeight-ifefl9 rn-minWidth-bcqeeo rn-paddingRight-9aemit rn-paddingBottom-1mdbw0j rn-paddingLeft-gy4na3 rn-paddingTop-tux3g4 rn-position-bnwqim"
          >
            <div
              className="rn-borderTopWidth-13yce4e rn-borderRightWidth-fnigne rn-borderBottomWidth-ndvcnb rn-borderLeftWidth-gxnn5r rn-color-102hald rn-display-1471scf rn-font-1lw9tu2 rn-fontFamily-18elh3t rn-fontSize-pv2lrm rn-marginTop-1mnahxq rn-marginRight-61z16t rn-marginBottom-p1pxzi rn-marginLeft-11wrixw rn-paddingTop-wk8lta rn-paddingRight-9aemit rn-paddingBottom-1mdbw0j rn-paddingLeft-gy4na3 rn-textDecoration-bauka4 rn-whiteSpace-q42fyq rn-wordWrap-qvutc0"
              dir="auto"
              icon={false}
            >
              SECOND
            </div>
          </div>
        </div>
      </div>
      <div
        className="rn-alignItems-1awozwy rn-borderTopStyle-1efd50x rn-borderRightStyle-14skgim rn-borderBottomStyle-rull8r rn-borderLeftStyle-mm0ijv rn-borderTopWidth-13yce4e rn-borderRightWidth-fnigne rn-borderBottomWidth-ndvcnb rn-borderLeftWidth-gxnn5r rn-boxSizing-deolkf rn-display-6koalj rn-flexShrink-1qe8dj5 rn-flexBasis-1mlwlqe rn-flexDirection-eqz5dr rn-justifyContent-1777fci rn-marginTop-1mnahxq rn-marginRight-61z16t rn-marginBottom-p1pxzi rn-marginLeft-11wrixw rn-minHeight-ifefl9 rn-minWidth-bcqeeo rn-paddingTop-wk8lta rn-paddingRight-9aemit rn-paddingBottom-1mdbw0j rn-paddingLeft-gy4na3 rn-position-bnwqim"
        onPress={[Function]}
      >
        <div
          className="rn-alignItems-1oszu61 rn-backgroundColor-14rzr3 rn-borderBottomWidth-qklmqi rn-borderTopColor-1tvzubb rn-borderRightColor-1mf7otu rn-borderBottomColor-1nykn6n rn-borderLeftColor-ub6kyj rn-borderRightWidth-13l2t4g rn-borderTopStyle-1efd50x rn-borderRightStyle-14skgim rn-borderBottomStyle-rull8r rn-borderLeftStyle-mm0ijv rn-borderTopWidth-13yce4e rn-borderLeftWidth-gxnn5r rn-boxSizing-deolkf rn-cursor-1loqt21 rn-display-6koalj rn-flexBasis-1iusvr4 rn-flexDirection-18u37iz rn-flexGrow-16y2uox rn-flexShrink-1wbh5a2 rn-justifyContent-1777fci rn-marginTop-1mnahxq rn-marginRight-61z16t rn-marginBottom-p1pxzi rn-marginLeft-11wrixw rn-minHeight-ifefl9 rn-minWidth-bcqeeo rn-paddingTop-wk8lta rn-paddingRight-9aemit rn-paddingBottom-1mdbw0j rn-paddingLeft-gy4na3 rn-position-bnwqim"
          onKeyPress={[Function]}
          role="button"
          tabIndex="0"
        >
          <div
            className="rn-alignItems-1awozwy rn-borderTopColor-yhjsbo rn-borderRightColor-o38ixj rn-borderBottomColor-85ahfa rn-borderLeftColor-1eno36 rn-borderTopStyle-1efd50x rn-borderRightStyle-14skgim rn-borderBottomStyle-rull8r rn-borderLeftStyle-mm0ijv rn-borderTopWidth-eujbse rn-borderRightWidth-fnigne rn-borderBottomWidth-ndvcnb rn-borderLeftWidth-gxnn5r rn-boxSizing-deolkf rn-display-6koalj rn-flexBasis-1iusvr4 rn-flexDirection-18u37iz rn-flexGrow-16y2uox rn-flexShrink-1wbh5a2 rn-justifyContent-1777fci rn-marginTop-1mnahxq rn-marginRight-n63t5 rn-marginLeft-bn6a27 rn-marginBottom-t5to09 rn-minHeight-ifefl9 rn-minWidth-bcqeeo rn-paddingRight-9aemit rn-paddingBottom-1mdbw0j rn-paddingLeft-gy4na3 rn-paddingTop-tux3g4 rn-position-bnwqim"
          >
            <div
              className="rn-borderTopWidth-13yce4e rn-borderRightWidth-fnigne rn-borderBottomWidth-ndvcnb rn-borderLeftWidth-gxnn5r rn-color-14kmah0 rn-display-1471scf rn-font-1lw9tu2 rn-fontFamily-18elh3t rn-fontSize-pv2lrm rn-marginTop-1mnahxq rn-marginRight-61z16t rn-marginBottom-p1pxzi rn-marginLeft-11wrixw rn-paddingTop-wk8lta rn-paddingRight-9aemit rn-paddingBottom-1mdbw0j rn-paddingLeft-gy4na3 rn-textDecoration-bauka4 rn-whiteSpace-q42fyq rn-wordWrap-qvutc0"
              dir="auto"
              icon={false}
            >
              THIRD
            </div>
          </div>
        </div>
      </div>
      <div
        className="rn-alignItems-1awozwy rn-borderTopStyle-1efd50x rn-borderRightStyle-14skgim rn-borderBottomStyle-rull8r rn-borderLeftStyle-mm0ijv rn-borderTopWidth-13yce4e rn-borderRightWidth-fnigne rn-borderBottomWidth-ndvcnb rn-borderLeftWidth-gxnn5r rn-boxSizing-deolkf rn-display-6koalj rn-flexShrink-1qe8dj5 rn-flexBasis-1mlwlqe rn-flexDirection-eqz5dr rn-justifyContent-1777fci rn-marginTop-1mnahxq rn-marginRight-61z16t rn-marginBottom-p1pxzi rn-marginLeft-11wrixw rn-minHeight-ifefl9 rn-minWidth-bcqeeo rn-paddingTop-wk8lta rn-paddingRight-9aemit rn-paddingBottom-1mdbw0j rn-paddingLeft-gy4na3 rn-position-bnwqim"
        onPress={[Function]}
      >
        <div
          className="rn-alignItems-1oszu61 rn-backgroundColor-14rzr3 rn-borderBottomWidth-qklmqi rn-borderTopColor-1tvzubb rn-borderRightColor-1mf7otu rn-borderBottomColor-1nykn6n rn-borderLeftColor-ub6kyj rn-borderRightWidth-fnigne rn-borderTopStyle-1efd50x rn-borderRightStyle-14skgim rn-borderBottomStyle-rull8r rn-borderLeftStyle-mm0ijv rn-borderTopWidth-13yce4e rn-borderLeftWidth-gxnn5r rn-boxSizing-deolkf rn-cursor-1loqt21 rn-display-6koalj rn-flexBasis-1iusvr4 rn-flexDirection-18u37iz rn-flexGrow-16y2uox rn-flexShrink-1wbh5a2 rn-justifyContent-1777fci rn-marginTop-1mnahxq rn-marginRight-61z16t rn-marginBottom-p1pxzi rn-marginLeft-11wrixw rn-minHeight-ifefl9 rn-minWidth-bcqeeo rn-paddingTop-wk8lta rn-paddingRight-9aemit rn-paddingBottom-1mdbw0j rn-paddingLeft-gy4na3 rn-position-bnwqim"
          onKeyPress={[Function]}
          role="button"
          tabIndex="0"
        >
          <div
            className="rn-alignItems-1awozwy rn-borderTopColor-yhjsbo rn-borderRightColor-o38ixj rn-borderBottomColor-85ahfa rn-borderLeftColor-1eno36 rn-borderTopStyle-1efd50x rn-borderRightStyle-14skgim rn-borderBottomStyle-rull8r rn-borderLeftStyle-mm0ijv rn-borderTopWidth-eujbse rn-borderRightWidth-fnigne rn-borderBottomWidth-ndvcnb rn-borderLeftWidth-gxnn5r rn-boxSizing-deolkf rn-display-6koalj rn-flexBasis-1iusvr4 rn-flexDirection-18u37iz rn-flexGrow-16y2uox rn-flexShrink-1wbh5a2 rn-justifyContent-1777fci rn-marginTop-1mnahxq rn-marginRight-n63t5 rn-marginLeft-bn6a27 rn-marginBottom-t5to09 rn-minHeight-ifefl9 rn-minWidth-bcqeeo rn-paddingRight-9aemit rn-paddingBottom-1mdbw0j rn-paddingLeft-gy4na3 rn-paddingTop-tux3g4 rn-position-bnwqim"
          >
            <div
              className="rn-borderTopWidth-13yce4e rn-borderRightWidth-fnigne rn-borderBottomWidth-ndvcnb rn-borderLeftWidth-gxnn5r rn-color-13g6o7s rn-display-1471scf rn-font-1lw9tu2 rn-fontFamily-18elh3t rn-fontSize-pv2lrm rn-marginTop-1mnahxq rn-marginRight-61z16t rn-marginBottom-p1pxzi rn-marginLeft-11wrixw rn-paddingTop-wk8lta rn-paddingRight-9aemit rn-paddingBottom-1mdbw0j rn-paddingLeft-gy4na3 rn-textDecoration-bauka4 rn-whiteSpace-q42fyq rn-wordWrap-qvutc0"
              dir="auto"
              icon={false}
            >
              DISABLED
            </div>
          </div>
        </div>
      </div>
    </div>
    <div
      className="rn-alignItems-1awozwy rn-borderTopStyle-1efd50x rn-borderRightStyle-14skgim rn-borderBottomStyle-rull8r rn-borderLeftStyle-mm0ijv rn-borderTopWidth-13yce4e rn-borderRightWidth-fnigne rn-borderBottomWidth-ndvcnb rn-borderLeftWidth-gxnn5r rn-boxSizing-deolkf rn-display-6koalj rn-flexShrink-1qe8dj5 rn-flexBasis-1mlwlqe rn-flexDirection-eqz5dr rn-justifyContent-1777fci rn-marginTop-1mnahxq rn-marginRight-61z16t rn-marginBottom-p1pxzi rn-marginLeft-11wrixw rn-minHeight-ifefl9 rn-minWidth-bcqeeo rn-paddingTop-wk8lta rn-paddingRight-9aemit rn-paddingBottom-1mdbw0j rn-paddingLeft-gy4na3 rn-position-bnwqim"
    >
      Content of the second tab
    </div>
  </div>
</div>
`;

exports[`Storyshots Tabs one item 1`] = `
<div
  className="sc-btzYZH kXyjbn"
>
  <div
    className="rn-alignItems-1oszu61 rn-backgroundColor-44z8sh rn-borderTopColor-1tvzubb rn-borderRightColor-1mf7otu rn-borderBottomColor-1nykn6n rn-borderLeftColor-ub6kyj rn-borderTopStyle-1efd50x rn-borderRightStyle-14skgim rn-borderBottomStyle-rull8r rn-borderLeftStyle-mm0ijv rn-borderTopWidth-5kkj8d rn-borderRightWidth-13l2t4g rn-borderBottomWidth-qklmqi rn-borderLeftWidth-1ljd8xs rn-boxSizing-deolkf rn-display-6koalj rn-flexShrink-1qe8dj5 rn-flexBasis-1mlwlqe rn-flexDirection-eqz5dr rn-justifyContent-1777fci rn-marginTop-1mnahxq rn-marginRight-61z16t rn-marginBottom-p1pxzi rn-marginLeft-11wrixw rn-minHeight-ifefl9 rn-minWidth-bcqeeo rn-paddingTop-wk8lta rn-paddingRight-9aemit rn-paddingBottom-1mdbw0j rn-paddingLeft-gy4na3 rn-position-bnwqim rn-width-13qz1uu"
  >
    <div
      className="rn-alignItems-1oszu61 rn-borderTopStyle-1efd50x rn-borderRightStyle-14skgim rn-borderBottomStyle-rull8r rn-borderLeftStyle-mm0ijv rn-borderTopWidth-13yce4e rn-borderRightWidth-fnigne rn-borderBottomWidth-ndvcnb rn-borderLeftWidth-gxnn5r rn-boxSizing-deolkf rn-display-6koalj rn-flexShrink-1qe8dj5 rn-flexBasis-1mlwlqe rn-flexDirection-18u37iz rn-justifyContent-1777fci rn-marginTop-1mnahxq rn-marginRight-61z16t rn-marginBottom-p1pxzi rn-marginLeft-11wrixw rn-minHeight-ifefl9 rn-minWidth-bcqeeo rn-paddingTop-wk8lta rn-paddingRight-9aemit rn-paddingBottom-1mdbw0j rn-paddingLeft-gy4na3 rn-position-bnwqim"
    >
      <div
        className="rn-alignItems-1awozwy rn-borderTopStyle-1efd50x rn-borderRightStyle-14skgim rn-borderBottomStyle-rull8r rn-borderLeftStyle-mm0ijv rn-borderTopWidth-13yce4e rn-borderRightWidth-fnigne rn-borderBottomWidth-ndvcnb rn-borderLeftWidth-gxnn5r rn-boxSizing-deolkf rn-display-6koalj rn-flexShrink-1qe8dj5 rn-flexBasis-1mlwlqe rn-flexDirection-eqz5dr rn-justifyContent-1777fci rn-marginTop-1mnahxq rn-marginRight-61z16t rn-marginBottom-p1pxzi rn-marginLeft-11wrixw rn-minHeight-ifefl9 rn-minWidth-bcqeeo rn-paddingTop-wk8lta rn-paddingRight-9aemit rn-paddingBottom-1mdbw0j rn-paddingLeft-gy4na3 rn-position-bnwqim"
        onPress={[Function]}
      >
        <div
          className="rn-alignItems-1oszu61 rn-backgroundColor-44z8sh rn-borderBottomColor-85ahfa rn-borderBottomWidth-qklmqi rn-borderTopColor-1tvzubb rn-borderRightColor-1mf7otu rn-borderLeftColor-ub6kyj rn-borderRightWidth-fnigne rn-borderTopStyle-1efd50x rn-borderRightStyle-14skgim rn-borderBottomStyle-rull8r rn-borderLeftStyle-mm0ijv rn-borderTopWidth-13yce4e rn-borderLeftWidth-gxnn5r rn-boxSizing-deolkf rn-cursor-1loqt21 rn-display-6koalj rn-flexBasis-1iusvr4 rn-flexDirection-18u37iz rn-flexGrow-16y2uox rn-flexShrink-1wbh5a2 rn-justifyContent-1777fci rn-marginTop-1mnahxq rn-marginRight-61z16t rn-marginBottom-p1pxzi rn-marginLeft-11wrixw rn-minHeight-ifefl9 rn-minWidth-bcqeeo rn-paddingTop-wk8lta rn-paddingRight-9aemit rn-paddingBottom-1mdbw0j rn-paddingLeft-gy4na3 rn-position-bnwqim"
          onKeyPress={[Function]}
          role="button"
          tabIndex="0"
        >
          <div
            className="rn-alignItems-1awozwy rn-borderTopColor-u3wbm8 rn-borderRightColor-madm3w rn-borderBottomColor-5lzcx3 rn-borderLeftColor-19wuy89 rn-borderTopStyle-1efd50x rn-borderRightStyle-14skgim rn-borderBottomStyle-rull8r rn-borderLeftStyle-mm0ijv rn-borderTopWidth-eujbse rn-borderRightWidth-fnigne rn-borderBottomWidth-ndvcnb rn-borderLeftWidth-gxnn5r rn-boxSizing-deolkf rn-display-6koalj rn-flexBasis-1iusvr4 rn-flexDirection-18u37iz rn-flexGrow-16y2uox rn-flexShrink-1wbh5a2 rn-justifyContent-1777fci rn-marginTop-1mnahxq rn-marginRight-n63t5 rn-marginLeft-bn6a27 rn-marginBottom-t5to09 rn-minHeight-ifefl9 rn-minWidth-bcqeeo rn-paddingRight-9aemit rn-paddingBottom-1mdbw0j rn-paddingLeft-gy4na3 rn-paddingTop-tux3g4 rn-position-bnwqim"
          >
            <div
              className="rn-borderTopWidth-13yce4e rn-borderRightWidth-fnigne rn-borderBottomWidth-ndvcnb rn-borderLeftWidth-gxnn5r rn-color-102hald rn-display-1471scf rn-font-1lw9tu2 rn-fontFamily-18elh3t rn-fontSize-pv2lrm rn-marginTop-1mnahxq rn-marginRight-61z16t rn-marginBottom-p1pxzi rn-marginLeft-11wrixw rn-paddingTop-wk8lta rn-paddingRight-9aemit rn-paddingBottom-1mdbw0j rn-paddingLeft-gy4na3 rn-textDecoration-bauka4 rn-whiteSpace-q42fyq rn-wordWrap-qvutc0"
              dir="auto"
              icon={false}
            >
              ACTIVE
            </div>
          </div>
        </div>
      </div>
    </div>
    <div
      className="rn-alignItems-1awozwy rn-borderTopStyle-1efd50x rn-borderRightStyle-14skgim rn-borderBottomStyle-rull8r rn-borderLeftStyle-mm0ijv rn-borderTopWidth-13yce4e rn-borderRightWidth-fnigne rn-borderBottomWidth-ndvcnb rn-borderLeftWidth-gxnn5r rn-boxSizing-deolkf rn-display-6koalj rn-flexShrink-1qe8dj5 rn-flexBasis-1mlwlqe rn-flexDirection-eqz5dr rn-justifyContent-1777fci rn-marginTop-1mnahxq rn-marginRight-61z16t rn-marginBottom-p1pxzi rn-marginLeft-11wrixw rn-minHeight-ifefl9 rn-minWidth-bcqeeo rn-paddingTop-wk8lta rn-paddingRight-9aemit rn-paddingBottom-1mdbw0j rn-paddingLeft-gy4na3 rn-position-bnwqim"
    >
      Content of active tab
    </div>
  </div>
</div>
`;

exports[`Storyshots Tabs rounded 1`] = `
<div
  className="sc-btzYZH kXyjbn"
>
  <div
    className="rn-alignItems-1oszu61 rn-backgroundColor-44z8sh rn-borderTopColor-1tvzubb rn-borderRightColor-1mf7otu rn-borderBottomColor-1nykn6n rn-borderLeftColor-ub6kyj rn-borderTopLeftRadius-1gpex6y rn-borderTopRightRadius-7fsazf rn-borderBottomRightRadius-1vgq6i9 rn-borderBottomLeftRadius-r2k3kl rn-borderTopStyle-1efd50x rn-borderRightStyle-14skgim rn-borderBottomStyle-rull8r rn-borderLeftStyle-mm0ijv rn-borderTopWidth-5kkj8d rn-borderRightWidth-13l2t4g rn-borderBottomWidth-qklmqi rn-borderLeftWidth-1ljd8xs rn-boxSizing-deolkf rn-display-6koalj rn-flexShrink-1qe8dj5 rn-flexBasis-1mlwlqe rn-flexDirection-eqz5dr rn-justifyContent-1777fci rn-marginTop-1mnahxq rn-marginRight-61z16t rn-marginBottom-p1pxzi rn-marginLeft-11wrixw rn-minHeight-ifefl9 rn-minWidth-bcqeeo rn-paddingTop-wk8lta rn-paddingRight-9aemit rn-paddingBottom-1mdbw0j rn-paddingLeft-gy4na3 rn-position-bnwqim rn-width-13qz1uu"
  >
    <div
      className="rn-alignItems-1oszu61 rn-borderTopStyle-1efd50x rn-borderRightStyle-14skgim rn-borderBottomStyle-rull8r rn-borderLeftStyle-mm0ijv rn-borderTopWidth-13yce4e rn-borderRightWidth-fnigne rn-borderBottomWidth-ndvcnb rn-borderLeftWidth-gxnn5r rn-boxSizing-deolkf rn-display-6koalj rn-flexShrink-1qe8dj5 rn-flexBasis-1mlwlqe rn-flexDirection-18u37iz rn-justifyContent-1777fci rn-marginTop-1mnahxq rn-marginRight-61z16t rn-marginBottom-p1pxzi rn-marginLeft-11wrixw rn-minHeight-ifefl9 rn-minWidth-bcqeeo rn-paddingTop-wk8lta rn-paddingRight-9aemit rn-paddingBottom-1mdbw0j rn-paddingLeft-gy4na3 rn-position-bnwqim"
    >
      <div
        className="rn-alignItems-1awozwy rn-borderTopStyle-1efd50x rn-borderRightStyle-14skgim rn-borderBottomStyle-rull8r rn-borderLeftStyle-mm0ijv rn-borderTopWidth-13yce4e rn-borderRightWidth-fnigne rn-borderBottomWidth-ndvcnb rn-borderLeftWidth-gxnn5r rn-boxSizing-deolkf rn-display-6koalj rn-flexShrink-1qe8dj5 rn-flexBasis-1mlwlqe rn-flexDirection-eqz5dr rn-justifyContent-1777fci rn-marginTop-1mnahxq rn-marginRight-61z16t rn-marginBottom-p1pxzi rn-marginLeft-11wrixw rn-minHeight-ifefl9 rn-minWidth-bcqeeo rn-paddingTop-wk8lta rn-paddingRight-9aemit rn-paddingBottom-1mdbw0j rn-paddingLeft-gy4na3 rn-position-bnwqim"
        onPress={[Function]}
      >
        <div
          className="rn-alignItems-1oszu61 rn-backgroundColor-14rzr3 rn-borderBottomWidth-qklmqi rn-borderTopColor-1tvzubb rn-borderRightColor-1mf7otu rn-borderBottomColor-1nykn6n rn-borderLeftColor-ub6kyj rn-borderRightWidth-13l2t4g rn-borderTopStyle-1efd50x rn-borderRightStyle-14skgim rn-borderBottomStyle-rull8r rn-borderLeftStyle-mm0ijv rn-borderTopLeftRadius-o8yidv rn-borderTopWidth-13yce4e rn-borderLeftWidth-gxnn5r rn-boxSizing-deolkf rn-cursor-1loqt21 rn-display-6koalj rn-flexBasis-1iusvr4 rn-flexDirection-18u37iz rn-flexGrow-16y2uox rn-flexShrink-1wbh5a2 rn-justifyContent-1777fci rn-marginTop-1mnahxq rn-marginRight-61z16t rn-marginBottom-p1pxzi rn-marginLeft-11wrixw rn-minHeight-ifefl9 rn-minWidth-bcqeeo rn-paddingTop-wk8lta rn-paddingRight-9aemit rn-paddingBottom-1mdbw0j rn-paddingLeft-gy4na3 rn-position-bnwqim"
          onKeyPress={[Function]}
          role="button"
          tabIndex="0"
        >
          <div
            className="rn-alignItems-1awozwy rn-borderTopColor-yhjsbo rn-borderRightColor-o38ixj rn-borderBottomColor-85ahfa rn-borderLeftColor-1eno36 rn-borderTopStyle-1efd50x rn-borderRightStyle-14skgim rn-borderBottomStyle-rull8r rn-borderLeftStyle-mm0ijv rn-borderTopWidth-eujbse rn-borderRightWidth-fnigne rn-borderBottomWidth-ndvcnb rn-borderLeftWidth-gxnn5r rn-boxSizing-deolkf rn-display-6koalj rn-flexBasis-1iusvr4 rn-flexDirection-18u37iz rn-flexGrow-16y2uox rn-flexShrink-1wbh5a2 rn-justifyContent-1777fci rn-marginTop-1mnahxq rn-marginRight-n63t5 rn-marginLeft-bn6a27 rn-marginBottom-t5to09 rn-minHeight-ifefl9 rn-minWidth-bcqeeo rn-paddingRight-9aemit rn-paddingBottom-1mdbw0j rn-paddingLeft-gy4na3 rn-paddingTop-tux3g4 rn-position-bnwqim"
          >
            <div
              className="rn-borderTopWidth-13yce4e rn-borderRightWidth-fnigne rn-borderBottomWidth-ndvcnb rn-borderLeftWidth-gxnn5r rn-color-14kmah0 rn-display-1471scf rn-font-1lw9tu2 rn-fontFamily-18elh3t rn-fontSize-pv2lrm rn-marginTop-1mnahxq rn-marginRight-61z16t rn-marginBottom-p1pxzi rn-marginLeft-11wrixw rn-paddingTop-wk8lta rn-paddingRight-9aemit rn-paddingBottom-1mdbw0j rn-paddingLeft-gy4na3 rn-textDecoration-bauka4 rn-whiteSpace-q42fyq rn-wordWrap-qvutc0"
              dir="auto"
              icon={false}
            >
              FIRST
            </div>
          </div>
        </div>
      </div>
      <div
        className="rn-alignItems-1awozwy rn-borderTopStyle-1efd50x rn-borderRightStyle-14skgim rn-borderBottomStyle-rull8r rn-borderLeftStyle-mm0ijv rn-borderTopWidth-13yce4e rn-borderRightWidth-fnigne rn-borderBottomWidth-ndvcnb rn-borderLeftWidth-gxnn5r rn-boxSizing-deolkf rn-display-6koalj rn-flexShrink-1qe8dj5 rn-flexBasis-1mlwlqe rn-flexDirection-eqz5dr rn-justifyContent-1777fci rn-marginTop-1mnahxq rn-marginRight-61z16t rn-marginBottom-p1pxzi rn-marginLeft-11wrixw rn-minHeight-ifefl9 rn-minWidth-bcqeeo rn-paddingTop-wk8lta rn-paddingRight-9aemit rn-paddingBottom-1mdbw0j rn-paddingLeft-gy4na3 rn-position-bnwqim"
        onPress={[Function]}
      >
        <div
          className="rn-alignItems-1oszu61 rn-backgroundColor-44z8sh rn-borderBottomColor-85ahfa rn-borderBottomWidth-qklmqi rn-borderTopColor-1tvzubb rn-borderRightColor-1mf7otu rn-borderLeftColor-ub6kyj rn-borderRightWidth-13l2t4g rn-borderTopStyle-1efd50x rn-borderRightStyle-14skgim rn-borderBottomStyle-rull8r rn-borderLeftStyle-mm0ijv rn-borderTopWidth-13yce4e rn-borderLeftWidth-gxnn5r rn-boxSizing-deolkf rn-cursor-1loqt21 rn-display-6koalj rn-flexBasis-1iusvr4 rn-flexDirection-18u37iz rn-flexGrow-16y2uox rn-flexShrink-1wbh5a2 rn-justifyContent-1777fci rn-marginTop-1mnahxq rn-marginRight-61z16t rn-marginBottom-p1pxzi rn-marginLeft-11wrixw rn-minHeight-ifefl9 rn-minWidth-bcqeeo rn-paddingTop-wk8lta rn-paddingRight-9aemit rn-paddingBottom-1mdbw0j rn-paddingLeft-gy4na3 rn-position-bnwqim"
          onKeyPress={[Function]}
          role="button"
          tabIndex="0"
        >
          <div
            className="rn-alignItems-1awozwy rn-borderTopColor-u3wbm8 rn-borderRightColor-madm3w rn-borderBottomColor-5lzcx3 rn-borderLeftColor-19wuy89 rn-borderTopStyle-1efd50x rn-borderRightStyle-14skgim rn-borderBottomStyle-rull8r rn-borderLeftStyle-mm0ijv rn-borderTopWidth-eujbse rn-borderRightWidth-fnigne rn-borderBottomWidth-ndvcnb rn-borderLeftWidth-gxnn5r rn-boxSizing-deolkf rn-display-6koalj rn-flexBasis-1iusvr4 rn-flexDirection-18u37iz rn-flexGrow-16y2uox rn-flexShrink-1wbh5a2 rn-justifyContent-1777fci rn-marginTop-1mnahxq rn-marginRight-n63t5 rn-marginLeft-bn6a27 rn-marginBottom-t5to09 rn-minHeight-ifefl9 rn-minWidth-bcqeeo rn-paddingRight-9aemit rn-paddingBottom-1mdbw0j rn-paddingLeft-gy4na3 rn-paddingTop-tux3g4 rn-position-bnwqim"
          >
            <div
              className="rn-borderTopWidth-13yce4e rn-borderRightWidth-fnigne rn-borderBottomWidth-ndvcnb rn-borderLeftWidth-gxnn5r rn-color-102hald rn-display-1471scf rn-font-1lw9tu2 rn-fontFamily-18elh3t rn-fontSize-pv2lrm rn-marginTop-1mnahxq rn-marginRight-61z16t rn-marginBottom-p1pxzi rn-marginLeft-11wrixw rn-paddingTop-wk8lta rn-paddingRight-9aemit rn-paddingBottom-1mdbw0j rn-paddingLeft-gy4na3 rn-textDecoration-bauka4 rn-whiteSpace-q42fyq rn-wordWrap-qvutc0"
              dir="auto"
              icon={false}
            >
              SECOND
            </div>
          </div>
        </div>
      </div>
      <div
        className="rn-alignItems-1awozwy rn-borderTopStyle-1efd50x rn-borderRightStyle-14skgim rn-borderBottomStyle-rull8r rn-borderLeftStyle-mm0ijv rn-borderTopWidth-13yce4e rn-borderRightWidth-fnigne rn-borderBottomWidth-ndvcnb rn-borderLeftWidth-gxnn5r rn-boxSizing-deolkf rn-display-6koalj rn-flexShrink-1qe8dj5 rn-flexBasis-1mlwlqe rn-flexDirection-eqz5dr rn-justifyContent-1777fci rn-marginTop-1mnahxq rn-marginRight-61z16t rn-marginBottom-p1pxzi rn-marginLeft-11wrixw rn-minHeight-ifefl9 rn-minWidth-bcqeeo rn-paddingTop-wk8lta rn-paddingRight-9aemit rn-paddingBottom-1mdbw0j rn-paddingLeft-gy4na3 rn-position-bnwqim"
        onPress={[Function]}
      >
        <div
          className="rn-alignItems-1oszu61 rn-backgroundColor-14rzr3 rn-borderBottomWidth-qklmqi rn-borderTopColor-1tvzubb rn-borderRightColor-1mf7otu rn-borderBottomColor-1nykn6n rn-borderLeftColor-ub6kyj rn-borderRightWidth-13l2t4g rn-borderTopStyle-1efd50x rn-borderRightStyle-14skgim rn-borderBottomStyle-rull8r rn-borderLeftStyle-mm0ijv rn-borderTopWidth-13yce4e rn-borderLeftWidth-gxnn5r rn-boxSizing-deolkf rn-cursor-1loqt21 rn-display-6koalj rn-flexBasis-1iusvr4 rn-flexDirection-18u37iz rn-flexGrow-16y2uox rn-flexShrink-1wbh5a2 rn-justifyContent-1777fci rn-marginTop-1mnahxq rn-marginRight-61z16t rn-marginBottom-p1pxzi rn-marginLeft-11wrixw rn-minHeight-ifefl9 rn-minWidth-bcqeeo rn-paddingTop-wk8lta rn-paddingRight-9aemit rn-paddingBottom-1mdbw0j rn-paddingLeft-gy4na3 rn-position-bnwqim"
          onKeyPress={[Function]}
          role="button"
          tabIndex="0"
        >
          <div
            className="rn-alignItems-1awozwy rn-borderTopColor-yhjsbo rn-borderRightColor-o38ixj rn-borderBottomColor-85ahfa rn-borderLeftColor-1eno36 rn-borderTopStyle-1efd50x rn-borderRightStyle-14skgim rn-borderBottomStyle-rull8r rn-borderLeftStyle-mm0ijv rn-borderTopWidth-eujbse rn-borderRightWidth-fnigne rn-borderBottomWidth-ndvcnb rn-borderLeftWidth-gxnn5r rn-boxSizing-deolkf rn-display-6koalj rn-flexBasis-1iusvr4 rn-flexDirection-18u37iz rn-flexGrow-16y2uox rn-flexShrink-1wbh5a2 rn-justifyContent-1777fci rn-marginTop-1mnahxq rn-marginRight-n63t5 rn-marginLeft-bn6a27 rn-marginBottom-t5to09 rn-minHeight-ifefl9 rn-minWidth-bcqeeo rn-paddingRight-9aemit rn-paddingBottom-1mdbw0j rn-paddingLeft-gy4na3 rn-paddingTop-tux3g4 rn-position-bnwqim"
          >
            <div
              className="rn-borderTopWidth-13yce4e rn-borderRightWidth-fnigne rn-borderBottomWidth-ndvcnb rn-borderLeftWidth-gxnn5r rn-color-14kmah0 rn-display-1471scf rn-font-1lw9tu2 rn-fontFamily-18elh3t rn-fontSize-pv2lrm rn-marginTop-1mnahxq rn-marginRight-61z16t rn-marginBottom-p1pxzi rn-marginLeft-11wrixw rn-paddingTop-wk8lta rn-paddingRight-9aemit rn-paddingBottom-1mdbw0j rn-paddingLeft-gy4na3 rn-textDecoration-bauka4 rn-whiteSpace-q42fyq rn-wordWrap-qvutc0"
              dir="auto"
              icon={false}
            >
              THIRD
            </div>
          </div>
        </div>
      </div>
      <div
        className="rn-alignItems-1awozwy rn-borderTopStyle-1efd50x rn-borderRightStyle-14skgim rn-borderBottomStyle-rull8r rn-borderLeftStyle-mm0ijv rn-borderTopWidth-13yce4e rn-borderRightWidth-fnigne rn-borderBottomWidth-ndvcnb rn-borderLeftWidth-gxnn5r rn-boxSizing-deolkf rn-display-6koalj rn-flexShrink-1qe8dj5 rn-flexBasis-1mlwlqe rn-flexDirection-eqz5dr rn-justifyContent-1777fci rn-marginTop-1mnahxq rn-marginRight-61z16t rn-marginBottom-p1pxzi rn-marginLeft-11wrixw rn-minHeight-ifefl9 rn-minWidth-bcqeeo rn-paddingTop-wk8lta rn-paddingRight-9aemit rn-paddingBottom-1mdbw0j rn-paddingLeft-gy4na3 rn-position-bnwqim"
        onPress={[Function]}
      >
        <div
          className="rn-alignItems-1oszu61 rn-backgroundColor-14rzr3 rn-borderBottomWidth-qklmqi rn-borderTopColor-1tvzubb rn-borderRightColor-1mf7otu rn-borderBottomColor-1nykn6n rn-borderLeftColor-ub6kyj rn-borderRightWidth-fnigne rn-borderTopStyle-1efd50x rn-borderRightStyle-14skgim rn-borderBottomStyle-rull8r rn-borderLeftStyle-mm0ijv rn-borderTopRightRadius-ir6n1k rn-borderTopWidth-13yce4e rn-borderLeftWidth-gxnn5r rn-boxSizing-deolkf rn-cursor-1loqt21 rn-display-6koalj rn-flexBasis-1iusvr4 rn-flexDirection-18u37iz rn-flexGrow-16y2uox rn-flexShrink-1wbh5a2 rn-justifyContent-1777fci rn-marginTop-1mnahxq rn-marginRight-61z16t rn-marginBottom-p1pxzi rn-marginLeft-11wrixw rn-minHeight-ifefl9 rn-minWidth-bcqeeo rn-paddingTop-wk8lta rn-paddingRight-9aemit rn-paddingBottom-1mdbw0j rn-paddingLeft-gy4na3 rn-position-bnwqim"
          onKeyPress={[Function]}
          role="button"
          tabIndex="0"
        >
          <div
            className="rn-alignItems-1awozwy rn-borderTopColor-yhjsbo rn-borderRightColor-o38ixj rn-borderBottomColor-85ahfa rn-borderLeftColor-1eno36 rn-borderTopStyle-1efd50x rn-borderRightStyle-14skgim rn-borderBottomStyle-rull8r rn-borderLeftStyle-mm0ijv rn-borderTopWidth-eujbse rn-borderRightWidth-fnigne rn-borderBottomWidth-ndvcnb rn-borderLeftWidth-gxnn5r rn-boxSizing-deolkf rn-display-6koalj rn-flexBasis-1iusvr4 rn-flexDirection-18u37iz rn-flexGrow-16y2uox rn-flexShrink-1wbh5a2 rn-justifyContent-1777fci rn-marginTop-1mnahxq rn-marginRight-n63t5 rn-marginLeft-bn6a27 rn-marginBottom-t5to09 rn-minHeight-ifefl9 rn-minWidth-bcqeeo rn-paddingRight-9aemit rn-paddingBottom-1mdbw0j rn-paddingLeft-gy4na3 rn-paddingTop-tux3g4 rn-position-bnwqim"
          >
            <div
              className="rn-borderTopWidth-13yce4e rn-borderRightWidth-fnigne rn-borderBottomWidth-ndvcnb rn-borderLeftWidth-gxnn5r rn-color-13g6o7s rn-display-1471scf rn-font-1lw9tu2 rn-fontFamily-18elh3t rn-fontSize-pv2lrm rn-marginTop-1mnahxq rn-marginRight-61z16t rn-marginBottom-p1pxzi rn-marginLeft-11wrixw rn-paddingTop-wk8lta rn-paddingRight-9aemit rn-paddingBottom-1mdbw0j rn-paddingLeft-gy4na3 rn-textDecoration-bauka4 rn-whiteSpace-q42fyq rn-wordWrap-qvutc0"
              dir="auto"
              icon={false}
            >
              DISABLED
            </div>
          </div>
        </div>
      </div>
    </div>
    <div
      className="rn-alignItems-1awozwy rn-borderTopStyle-1efd50x rn-borderRightStyle-14skgim rn-borderBottomStyle-rull8r rn-borderLeftStyle-mm0ijv rn-borderTopWidth-13yce4e rn-borderRightWidth-fnigne rn-borderBottomWidth-ndvcnb rn-borderLeftWidth-gxnn5r rn-boxSizing-deolkf rn-display-6koalj rn-flexShrink-1qe8dj5 rn-flexBasis-1mlwlqe rn-flexDirection-eqz5dr rn-justifyContent-1777fci rn-marginTop-1mnahxq rn-marginRight-61z16t rn-marginBottom-p1pxzi rn-marginLeft-11wrixw rn-minHeight-ifefl9 rn-minWidth-bcqeeo rn-paddingTop-wk8lta rn-paddingRight-9aemit rn-paddingBottom-1mdbw0j rn-paddingLeft-gy4na3 rn-position-bnwqim"
    >
      Content of the second tab
    </div>
  </div>
</div>
`;

exports[`Storyshots Tabs with icon 1`] = `
<div
  className="sc-btzYZH kXyjbn"
>
  <div
    className="rn-alignItems-1oszu61 rn-backgroundColor-44z8sh rn-borderTopColor-1tvzubb rn-borderRightColor-1mf7otu rn-borderBottomColor-1nykn6n rn-borderLeftColor-ub6kyj rn-borderTopLeftRadius-1gpex6y rn-borderTopRightRadius-7fsazf rn-borderBottomRightRadius-1vgq6i9 rn-borderBottomLeftRadius-r2k3kl rn-borderTopStyle-1efd50x rn-borderRightStyle-14skgim rn-borderBottomStyle-rull8r rn-borderLeftStyle-mm0ijv rn-borderTopWidth-5kkj8d rn-borderRightWidth-13l2t4g rn-borderBottomWidth-qklmqi rn-borderLeftWidth-1ljd8xs rn-boxSizing-deolkf rn-display-6koalj rn-flexShrink-1qe8dj5 rn-flexBasis-1mlwlqe rn-flexDirection-eqz5dr rn-justifyContent-1777fci rn-marginTop-1mnahxq rn-marginRight-61z16t rn-marginBottom-p1pxzi rn-marginLeft-11wrixw rn-minHeight-ifefl9 rn-minWidth-bcqeeo rn-paddingTop-wk8lta rn-paddingRight-9aemit rn-paddingBottom-1mdbw0j rn-paddingLeft-gy4na3 rn-position-bnwqim rn-width-13qz1uu"
  >
    <div
      className="rn-alignItems-1oszu61 rn-borderTopStyle-1efd50x rn-borderRightStyle-14skgim rn-borderBottomStyle-rull8r rn-borderLeftStyle-mm0ijv rn-borderTopWidth-13yce4e rn-borderRightWidth-fnigne rn-borderBottomWidth-ndvcnb rn-borderLeftWidth-gxnn5r rn-boxSizing-deolkf rn-display-6koalj rn-flexShrink-1qe8dj5 rn-flexBasis-1mlwlqe rn-flexDirection-18u37iz rn-justifyContent-1777fci rn-marginTop-1mnahxq rn-marginRight-61z16t rn-marginBottom-p1pxzi rn-marginLeft-11wrixw rn-minHeight-ifefl9 rn-minWidth-bcqeeo rn-paddingTop-wk8lta rn-paddingRight-9aemit rn-paddingBottom-1mdbw0j rn-paddingLeft-gy4na3 rn-position-bnwqim"
    >
      <div
        className="rn-alignItems-1awozwy rn-borderTopStyle-1efd50x rn-borderRightStyle-14skgim rn-borderBottomStyle-rull8r rn-borderLeftStyle-mm0ijv rn-borderTopWidth-13yce4e rn-borderRightWidth-fnigne rn-borderBottomWidth-ndvcnb rn-borderLeftWidth-gxnn5r rn-boxSizing-deolkf rn-display-6koalj rn-flexShrink-1qe8dj5 rn-flexBasis-1mlwlqe rn-flexDirection-eqz5dr rn-justifyContent-1777fci rn-marginTop-1mnahxq rn-marginRight-61z16t rn-marginBottom-p1pxzi rn-marginLeft-11wrixw rn-minHeight-ifefl9 rn-minWidth-bcqeeo rn-paddingTop-wk8lta rn-paddingRight-9aemit rn-paddingBottom-1mdbw0j rn-paddingLeft-gy4na3 rn-position-bnwqim"
        onPress={[Function]}
      >
        <div
          className="rn-alignItems-1oszu61 rn-backgroundColor-44z8sh rn-borderBottomColor-85ahfa rn-borderBottomWidth-qklmqi rn-borderTopColor-1tvzubb rn-borderRightColor-1mf7otu rn-borderLeftColor-ub6kyj rn-borderRightWidth-13l2t4g rn-borderTopStyle-1efd50x rn-borderRightStyle-14skgim rn-borderBottomStyle-rull8r rn-borderLeftStyle-mm0ijv rn-borderTopLeftRadius-o8yidv rn-borderTopWidth-13yce4e rn-borderLeftWidth-gxnn5r rn-boxSizing-deolkf rn-cursor-1loqt21 rn-display-6koalj rn-flexBasis-1iusvr4 rn-flexDirection-18u37iz rn-flexGrow-16y2uox rn-flexShrink-1wbh5a2 rn-justifyContent-1777fci rn-marginTop-1mnahxq rn-marginRight-61z16t rn-marginBottom-p1pxzi rn-marginLeft-11wrixw rn-minHeight-ifefl9 rn-minWidth-bcqeeo rn-paddingTop-wk8lta rn-paddingRight-9aemit rn-paddingBottom-1mdbw0j rn-paddingLeft-gy4na3 rn-position-bnwqim"
          onKeyPress={[Function]}
          role="button"
          tabIndex="0"
        >
          <div
            className="rn-alignItems-1awozwy rn-borderTopColor-u3wbm8 rn-borderRightColor-madm3w rn-borderBottomColor-5lzcx3 rn-borderLeftColor-19wuy89 rn-borderTopStyle-1efd50x rn-borderRightStyle-14skgim rn-borderBottomStyle-rull8r rn-borderLeftStyle-mm0ijv rn-borderTopWidth-eujbse rn-borderRightWidth-fnigne rn-borderBottomWidth-ndvcnb rn-borderLeftWidth-gxnn5r rn-boxSizing-deolkf rn-display-6koalj rn-flexBasis-1iusvr4 rn-flexDirection-18u37iz rn-flexGrow-16y2uox rn-flexShrink-1wbh5a2 rn-justifyContent-1777fci rn-marginTop-1mnahxq rn-marginRight-n63t5 rn-marginLeft-bn6a27 rn-marginBottom-t5to09 rn-minHeight-ifefl9 rn-minWidth-bcqeeo rn-paddingRight-9aemit rn-paddingBottom-1mdbw0j rn-paddingLeft-gy4na3 rn-paddingTop-tux3g4 rn-position-bnwqim"
          >
            <svg
              preserveAspectRatio="xMidYMid meet"
              style={
                Object {
                  "height": "1.5rem",
                  "width": "1.5rem",
                }
              }
              version="1.1"
              viewBox="0 0 70 70"
            >
              <path
                d="M70,41.426 L70,28.574 L58.447,28.574 C57.908,26.588 57.128,24.706 56.131,22.957 L64.294,14.794 L55.206,5.706 L47.039,13.869 C45.29,12.872 43.408,12.092 41.426,11.549 L41.426,0 L28.574,0 L28.574,11.549 C26.592,12.092 24.706,12.872 22.956,13.869 L14.793,5.706 L5.705,14.794 L13.868,22.957 C12.87,24.706 12.091,26.588 11.548,28.574 L0,28.574 L0,41.426 L11.549,41.426 C12.092,43.412 12.872,45.294 13.869,47.043 L5.706,55.206 L14.794,64.29 L22.957,56.131 C24.707,57.128 26.588,57.908 28.575,58.451 L28.575,70 L41.427,70 L41.427,58.451 C43.409,57.908 45.295,57.128 47.045,56.131 L55.208,64.29 L64.296,55.206 L56.133,47.043 C57.131,45.294 57.91,43.412 58.449,41.426 L70,41.426 L70,41.426 Z M35,47.711 C27.979,47.711 22.289,42.021 22.289,35 C22.289,27.979 27.979,22.289 35,22.289 C42.017,22.289 47.711,27.979 47.711,35 C47.711,42.021 42.017,47.711 35,47.711 Z"
                fill="#333333"
                id="Shape"
              />
            </svg>
            <div
              className="rn-borderTopWidth-13yce4e rn-borderRightWidth-fnigne rn-borderBottomWidth-ndvcnb rn-borderLeftWidth-gxnn5r rn-color-102hald rn-display-1471scf rn-font-1lw9tu2 rn-fontFamily-18elh3t rn-fontSize-pv2lrm rn-marginTop-1mnahxq rn-marginRight-61z16t rn-marginBottom-p1pxzi rn-marginLeft-1692lug rn-paddingTop-wk8lta rn-paddingRight-9aemit rn-paddingBottom-1mdbw0j rn-paddingLeft-gy4na3 rn-textDecoration-bauka4 rn-whiteSpace-q42fyq rn-wordWrap-qvutc0"
              dir="auto"
              icon={true}
            >
              FIRST
            </div>
          </div>
        </div>
      </div>
      <div
        className="rn-alignItems-1awozwy rn-borderTopStyle-1efd50x rn-borderRightStyle-14skgim rn-borderBottomStyle-rull8r rn-borderLeftStyle-mm0ijv rn-borderTopWidth-13yce4e rn-borderRightWidth-fnigne rn-borderBottomWidth-ndvcnb rn-borderLeftWidth-gxnn5r rn-boxSizing-deolkf rn-display-6koalj rn-flexShrink-1qe8dj5 rn-flexBasis-1mlwlqe rn-flexDirection-eqz5dr rn-justifyContent-1777fci rn-marginTop-1mnahxq rn-marginRight-61z16t rn-marginBottom-p1pxzi rn-marginLeft-11wrixw rn-minHeight-ifefl9 rn-minWidth-bcqeeo rn-paddingTop-wk8lta rn-paddingRight-9aemit rn-paddingBottom-1mdbw0j rn-paddingLeft-gy4na3 rn-position-bnwqim"
        onPress={[Function]}
      >
        <div
          className="rn-alignItems-1oszu61 rn-backgroundColor-14rzr3 rn-borderBottomWidth-qklmqi rn-borderTopColor-1tvzubb rn-borderRightColor-1mf7otu rn-borderBottomColor-1nykn6n rn-borderLeftColor-ub6kyj rn-borderRightWidth-fnigne rn-borderTopStyle-1efd50x rn-borderRightStyle-14skgim rn-borderBottomStyle-rull8r rn-borderLeftStyle-mm0ijv rn-borderTopRightRadius-ir6n1k rn-borderTopWidth-13yce4e rn-borderLeftWidth-gxnn5r rn-boxSizing-deolkf rn-cursor-1loqt21 rn-display-6koalj rn-flexBasis-1iusvr4 rn-flexDirection-18u37iz rn-flexGrow-16y2uox rn-flexShrink-1wbh5a2 rn-justifyContent-1777fci rn-marginTop-1mnahxq rn-marginRight-61z16t rn-marginBottom-p1pxzi rn-marginLeft-11wrixw rn-minHeight-ifefl9 rn-minWidth-bcqeeo rn-paddingTop-wk8lta rn-paddingRight-9aemit rn-paddingBottom-1mdbw0j rn-paddingLeft-gy4na3 rn-position-bnwqim"
          onKeyPress={[Function]}
          role="button"
          tabIndex="0"
        >
          <div
            className="rn-alignItems-1awozwy rn-borderTopColor-yhjsbo rn-borderRightColor-o38ixj rn-borderBottomColor-85ahfa rn-borderLeftColor-1eno36 rn-borderTopStyle-1efd50x rn-borderRightStyle-14skgim rn-borderBottomStyle-rull8r rn-borderLeftStyle-mm0ijv rn-borderTopWidth-eujbse rn-borderRightWidth-fnigne rn-borderBottomWidth-ndvcnb rn-borderLeftWidth-gxnn5r rn-boxSizing-deolkf rn-display-6koalj rn-flexBasis-1iusvr4 rn-flexDirection-18u37iz rn-flexGrow-16y2uox rn-flexShrink-1wbh5a2 rn-justifyContent-1777fci rn-marginTop-1mnahxq rn-marginRight-n63t5 rn-marginLeft-bn6a27 rn-marginBottom-t5to09 rn-minHeight-ifefl9 rn-minWidth-bcqeeo rn-paddingRight-9aemit rn-paddingBottom-1mdbw0j rn-paddingLeft-gy4na3 rn-paddingTop-tux3g4 rn-position-bnwqim"
          >
            <svg
              preserveAspectRatio="xMidYMid meet"
              style={
                Object {
                  "height": "1.5rem",
                  "width": "1.5rem",
                }
              }
              version="1.1"
              viewBox="0 0 70 70"
            >
              <path
                d="M70,41.426 L70,28.574 L58.447,28.574 C57.908,26.588 57.128,24.706 56.131,22.957 L64.294,14.794 L55.206,5.706 L47.039,13.869 C45.29,12.872 43.408,12.092 41.426,11.549 L41.426,0 L28.574,0 L28.574,11.549 C26.592,12.092 24.706,12.872 22.956,13.869 L14.793,5.706 L5.705,14.794 L13.868,22.957 C12.87,24.706 12.091,26.588 11.548,28.574 L0,28.574 L0,41.426 L11.549,41.426 C12.092,43.412 12.872,45.294 13.869,47.043 L5.706,55.206 L14.794,64.29 L22.957,56.131 C24.707,57.128 26.588,57.908 28.575,58.451 L28.575,70 L41.427,70 L41.427,58.451 C43.409,57.908 45.295,57.128 47.045,56.131 L55.208,64.29 L64.296,55.206 L56.133,47.043 C57.131,45.294 57.91,43.412 58.449,41.426 L70,41.426 L70,41.426 Z M35,47.711 C27.979,47.711 22.289,42.021 22.289,35 C22.289,27.979 27.979,22.289 35,22.289 C42.017,22.289 47.711,27.979 47.711,35 C47.711,42.021 42.017,47.711 35,47.711 Z"
                fill="#007ac9"
                id="Shape"
              />
            </svg>
            <div
              className="rn-borderTopWidth-13yce4e rn-borderRightWidth-fnigne rn-borderBottomWidth-ndvcnb rn-borderLeftWidth-gxnn5r rn-color-14kmah0 rn-display-1471scf rn-font-1lw9tu2 rn-fontFamily-18elh3t rn-fontSize-pv2lrm rn-marginTop-1mnahxq rn-marginRight-61z16t rn-marginBottom-p1pxzi rn-marginLeft-1692lug rn-paddingTop-wk8lta rn-paddingRight-9aemit rn-paddingBottom-1mdbw0j rn-paddingLeft-gy4na3 rn-textDecoration-bauka4 rn-whiteSpace-q42fyq rn-wordWrap-qvutc0"
              dir="auto"
              icon={true}
            >
              SECOND
            </div>
          </div>
        </div>
      </div>
    </div>
    <div
      className="rn-alignItems-1awozwy rn-borderTopStyle-1efd50x rn-borderRightStyle-14skgim rn-borderBottomStyle-rull8r rn-borderLeftStyle-mm0ijv rn-borderTopWidth-13yce4e rn-borderRightWidth-fnigne rn-borderBottomWidth-ndvcnb rn-borderLeftWidth-gxnn5r rn-boxSizing-deolkf rn-display-6koalj rn-flexShrink-1qe8dj5 rn-flexBasis-1mlwlqe rn-flexDirection-eqz5dr rn-justifyContent-1777fci rn-marginTop-1mnahxq rn-marginRight-61z16t rn-marginBottom-p1pxzi rn-marginLeft-11wrixw rn-minHeight-ifefl9 rn-minWidth-bcqeeo rn-paddingTop-wk8lta rn-paddingRight-9aemit rn-paddingBottom-1mdbw0j rn-paddingLeft-gy4na3 rn-position-bnwqim"
    >
      Content of the first tab
    </div>
  </div>
</div>
`;
