// Jest Snapshot v1, https://goo.gl/fbAQLP

exports[`Storyshots Typography Caption 1`] = `
<div
  className="rn-borderTopWidth-13yce4e rn-borderRightWidth-fnigne rn-borderBottomWidth-ndvcnb rn-borderLeftWidth-gxnn5r rn-color-102hald rn-display-1471scf rn-font-1lw9tu2 rn-fontFamily-rxqqfj rn-fontSize-po4mth rn-fontWeight-1od2jal rn-lineHeight-hbpseb rn-marginTop-1mnahxq rn-marginRight-61z16t rn-marginBottom-p1pxzi rn-marginLeft-11wrixw rn-paddingTop-wk8lta rn-paddingRight-9aemit rn-paddingBottom-1mdbw0j rn-paddingLeft-gy4na3 rn-textDecoration-bauka4 rn-whiteSpace-q42fyq rn-wordWrap-qvutc0"
  dir="auto"
>
  Aenean lacinia bibendum nulla sed consectetur. Etiam porta sem malesuada magna mollis euismod.
</div>
`;

exports[`Storyshots Typography ErrorText 1`] = `
<div
  className="rn-borderTopWidth-13yce4e rn-borderRightWidth-fnigne rn-borderBottomWidth-ndvcnb rn-borderLeftWidth-gxnn5r rn-color-w3xrvl rn-display-1471scf rn-font-1lw9tu2 rn-fontFamily-rxqqfj rn-fontSize-cygvgh rn-fontWeight-1od2jal rn-lineHeight-rjixqe rn-marginTop-1mnahxq rn-marginRight-61z16t rn-marginBottom-p1pxzi rn-marginLeft-11wrixw rn-paddingTop-wk8lta rn-paddingRight-9aemit rn-paddingBottom-1mdbw0j rn-paddingLeft-gy4na3 rn-textDecoration-bauka4 rn-whiteSpace-q42fyq rn-wordWrap-qvutc0"
  dir="auto"
  small={false}
>
  Aenean lacinia bibendum nulla sed consectetur. Etiam porta sem malesuada magna mollis euismod.
</div>
`;

exports[`Storyshots Typography H1 1`] = `
<h1
  aria-level="1"
  className="rn-borderTopWidth-13yce4e rn-borderRightWidth-fnigne rn-borderBottomWidth-ndvcnb rn-borderLeftWidth-gxnn5r rn-color-102hald rn-display-1471scf rn-font-1lw9tu2 rn-fontFamily-rxqqfj rn-fontSize-155rn32 rn-fontWeight-majxgm rn-letterSpacing-foe95m rn-marginTop-1mnahxq rn-marginRight-61z16t rn-marginBottom-p1pxzi rn-marginLeft-11wrixw rn-paddingTop-wk8lta rn-paddingRight-9aemit rn-paddingBottom-1mdbw0j rn-paddingLeft-gy4na3 rn-textDecoration-bauka4 rn-whiteSpace-q42fyq rn-wordWrap-qvutc0"
  dir="auto"
  role="heading"
>
  HSL Liikuttaa
</h1>
`;

exports[`Storyshots Typography H2 1`] = `
<h2
  aria-level="2"
  className="rn-borderTopWidth-13yce4e rn-borderRightWidth-fnigne rn-borderBottomWidth-ndvcnb rn-borderLeftWidth-gxnn5r rn-color-102hald rn-display-1471scf rn-font-1lw9tu2 rn-fontFamily-rxqqfj rn-fontSize-1ytsbp8 rn-fontWeight-majxgm rn-letterSpacing-foe95m rn-marginTop-1mnahxq rn-marginRight-61z16t rn-marginBottom-p1pxzi rn-marginLeft-11wrixw rn-paddingTop-wk8lta rn-paddingRight-9aemit rn-paddingBottom-1mdbw0j rn-paddingLeft-gy4na3 rn-textDecoration-bauka4 rn-whiteSpace-q42fyq rn-wordWrap-qvutc0"
  dir="auto"
  role="heading"
>
  HSL Liikuttaa
</h2>
`;

exports[`Storyshots Typography H3 1`] = `
<h3
  aria-level="3"
  className="rn-borderTopWidth-13yce4e rn-borderRightWidth-fnigne rn-borderBottomWidth-ndvcnb rn-borderLeftWidth-gxnn5r rn-color-102hald rn-display-1471scf rn-font-1lw9tu2 rn-fontFamily-rxqqfj rn-fontSize-1m9l54r rn-fontWeight-majxgm rn-letterSpacing-foe95m rn-marginTop-1mnahxq rn-marginRight-61z16t rn-marginBottom-p1pxzi rn-marginLeft-11wrixw rn-paddingTop-wk8lta rn-paddingRight-9aemit rn-paddingBottom-1mdbw0j rn-paddingLeft-gy4na3 rn-textDecoration-bauka4 rn-whiteSpace-q42fyq rn-wordWrap-qvutc0"
  dir="auto"
  role="heading"
>
  HSL Liikuttaa
</h3>
`;

exports[`Storyshots Typography H4 1`] = `
<h4
  aria-level="4"
  className="rn-borderTopWidth-13yce4e rn-borderRightWidth-fnigne rn-borderBottomWidth-ndvcnb rn-borderLeftWidth-gxnn5r rn-color-102hald rn-display-1471scf rn-font-1lw9tu2 rn-fontFamily-rxqqfj rn-fontSize-1a2aj48 rn-fontWeight-majxgm rn-marginTop-1mnahxq rn-marginRight-61z16t rn-marginBottom-p1pxzi rn-marginLeft-11wrixw rn-paddingTop-wk8lta rn-paddingRight-9aemit rn-paddingBottom-1mdbw0j rn-paddingLeft-gy4na3 rn-textDecoration-bauka4 rn-whiteSpace-q42fyq rn-wordWrap-qvutc0"
  dir="auto"
  role="heading"
>
  HSL Liikuttaa
</h4>
`;

exports[`Storyshots Typography H5 1`] = `
<h5
  aria-level="5"
  className="rn-borderTopWidth-13yce4e rn-borderRightWidth-fnigne rn-borderBottomWidth-ndvcnb rn-borderLeftWidth-gxnn5r rn-color-102hald rn-display-1471scf rn-font-1lw9tu2 rn-fontFamily-rxqqfj rn-fontSize-cygvgh rn-fontWeight-majxgm rn-marginTop-1mnahxq rn-marginRight-61z16t rn-marginBottom-p1pxzi rn-marginLeft-11wrixw rn-paddingTop-wk8lta rn-paddingRight-9aemit rn-paddingBottom-1mdbw0j rn-paddingLeft-gy4na3 rn-textDecoration-bauka4 rn-whiteSpace-q42fyq rn-wordWrap-qvutc0"
  dir="auto"
  role="heading"
>
  HSL LIIKUTTAA
</h5>
`;

exports[`Storyshots Typography InfoText 1`] = `
<div
  className="rn-borderTopWidth-13yce4e rn-borderRightWidth-fnigne rn-borderBottomWidth-ndvcnb rn-borderLeftWidth-gxnn5r rn-color-f1vk86 rn-display-1471scf rn-font-1lw9tu2 rn-fontFamily-rxqqfj rn-fontSize-cygvgh rn-fontWeight-1od2jal rn-lineHeight-rjixqe rn-marginTop-1mnahxq rn-marginRight-61z16t rn-marginBottom-p1pxzi rn-marginLeft-11wrixw rn-paddingTop-wk8lta rn-paddingRight-9aemit rn-paddingBottom-1mdbw0j rn-paddingLeft-gy4na3 rn-textDecoration-bauka4 rn-whiteSpace-q42fyq rn-wordWrap-qvutc0"
  dir="auto"
  small={false}
  strong={false}
>
  Aenean lacinia bibendum nulla sed consectetur. Etiam porta sem malesuada magna mollis euismod.
</div>
`;

exports[`Storyshots Typography Ingress 1`] = `
<div
  className="rn-borderTopWidth-13yce4e rn-borderRightWidth-fnigne rn-borderBottomWidth-ndvcnb rn-borderLeftWidth-gxnn5r rn-color-102hald rn-display-1471scf rn-font-1lw9tu2 rn-fontFamily-1kha5d rn-fontSize-pv2lrm rn-fontWeight-1od2jal rn-lineHeight-waer2z rn-marginTop-1mnahxq rn-marginRight-61z16t rn-marginBottom-p1pxzi rn-marginLeft-11wrixw rn-paddingTop-wk8lta rn-paddingRight-9aemit rn-paddingBottom-1mdbw0j rn-paddingLeft-gy4na3 rn-textDecoration-bauka4 rn-whiteSpace-q42fyq rn-wordWrap-qvutc0"
  dir="auto"
>
  Omia joukkoliikennelinjoja koskevat linjatiedotteet voi tilata myös sähköpostiin luomalla HSL-tunnuksen. Sitä kautta saa tietoa ajankohtaisista liikennemuutoksista, suunnitelmista ja poikkeustilanteista niiltä linjoilta, joita itse käyttää. Palvelu on maksuton.
</div>
`;

exports[`Storyshots Typography ListText 1`] = `
<div
  className="rn-alignItems-1habvwh rn-borderTopStyle-1efd50x rn-borderRightStyle-14skgim rn-borderBottomStyle-rull8r rn-borderLeftStyle-mm0ijv rn-borderTopWidth-13yce4e rn-borderRightWidth-fnigne rn-borderBottomWidth-ndvcnb rn-borderLeftWidth-gxnn5r rn-boxSizing-deolkf rn-display-6koalj rn-flexShrink-1qe8dj5 rn-flexBasis-1mlwlqe rn-flexDirection-18u37iz rn-justifyContent-1h0z5md rn-marginTop-1mnahxq rn-marginRight-61z16t rn-marginBottom-p1pxzi rn-marginLeft-11wrixw rn-minHeight-ifefl9 rn-minWidth-bcqeeo rn-paddingTop-wk8lta rn-paddingRight-9aemit rn-paddingBottom-1mdbw0j rn-paddingLeft-gy4na3 rn-position-bnwqim rn-width-13qz1uu"
>
  <div
    className="rn-alignItems-1awozwy rn-backgroundColor-5qwjbz rn-borderTopLeftRadius-zxivkt rn-borderTopRightRadius-1dd3wt5 rn-borderBottomRightRadius-4wi3ij rn-borderBottomLeftRadius-vijktx rn-borderTopStyle-1efd50x rn-borderRightStyle-14skgim rn-borderBottomStyle-rull8r rn-borderLeftStyle-mm0ijv rn-borderTopWidth-13yce4e rn-borderRightWidth-fnigne rn-borderBottomWidth-ndvcnb rn-borderLeftWidth-gxnn5r rn-boxSizing-deolkf rn-display-6koalj rn-flexShrink-1qe8dj5 rn-flexBasis-1mlwlqe rn-flexDirection-eqz5dr rn-height-1o8i2ot rn-justifyContent-1777fci rn-marginTop-1phzxss rn-marginBottom-duu24r rn-marginLeft-11wrixw rn-marginRight-dpl5gu rn-minHeight-ifefl9 rn-minWidth-bcqeeo rn-paddingTop-wk8lta rn-paddingRight-9aemit rn-paddingBottom-1mdbw0j rn-paddingLeft-gy4na3 rn-position-bnwqim rn-width-1b10960"
    type="dot"
  />
  <div
    className="rn-borderTopWidth-13yce4e rn-borderRightWidth-fnigne rn-borderBottomWidth-ndvcnb rn-borderLeftWidth-gxnn5r rn-color-102hald rn-display-1471scf rn-flexBasis-1iusvr4 rn-flexGrow-16y2uox rn-flexShrink-1wbh5a2 rn-font-1lw9tu2 rn-fontFamily-rxqqfj rn-fontSize-cygvgh rn-fontWeight-1od2jal rn-lineHeight-rjixqe rn-marginTop-1mnahxq rn-marginRight-61z16t rn-marginBottom-p1pxzi rn-marginLeft-11wrixw rn-paddingTop-wk8lta rn-paddingRight-9aemit rn-paddingBottom-1mdbw0j rn-paddingLeft-gy4na3 rn-textDecoration-bauka4 rn-whiteSpace-q42fyq rn-wordWrap-qvutc0"
    dir="auto"
    small={false}
  >
    Aenean lacinia bibendum nulla sed consectetur. Etiam porta sem malesuada magna mollis euismod.
  </div>
</div>
`;

exports[`Storyshots Typography Paragraph 1`] = `
<div
  className="rn-borderTopWidth-13yce4e rn-borderRightWidth-fnigne rn-borderBottomWidth-ndvcnb rn-borderLeftWidth-gxnn5r rn-color-102hald rn-display-1471scf rn-font-1lw9tu2 rn-fontFamily-rxqqfj rn-fontSize-cygvgh rn-fontWeight-1od2jal rn-lineHeight-rjixqe rn-marginTop-1mnahxq rn-marginRight-61z16t rn-marginBottom-p1pxzi rn-marginLeft-11wrixw rn-paddingTop-wk8lta rn-paddingRight-9aemit rn-paddingBottom-1mdbw0j rn-paddingLeft-gy4na3 rn-textDecoration-bauka4 rn-whiteSpace-q42fyq rn-wordWrap-qvutc0"
  dir="auto"
  small={false}
>
  Omia joukkoliikennelinjoja koskevat linjatiedotteet voi tilata myös sähköpostiin luo malla HSL-tunnuksen. Sitä kautta saa tietoa ajankohtaisista liikennemuutoksista, suun nitelmista ja poikkeustilanteista niiltä linjoilta, joita itse käyt tää. Palvelu on maksuton.
</div>
`;

exports[`Storyshots Typography Quote 1`] = `
<div
  className="rn-alignItems-1oszu61 rn-borderLeftColor-ub6kyj rn-borderLeftWidth-ms8t9i rn-borderTopStyle-1efd50x rn-borderRightStyle-14skgim rn-borderBottomStyle-rull8r rn-borderLeftStyle-mm0ijv rn-borderTopWidth-13yce4e rn-borderRightWidth-fnigne rn-borderBottomWidth-ndvcnb rn-boxSizing-deolkf rn-display-6koalj rn-flexShrink-1qe8dj5 rn-flexBasis-1mlwlqe rn-flexDirection-eqz5dr rn-marginTop-1mnahxq rn-marginRight-61z16t rn-marginBottom-p1pxzi rn-marginLeft-11wrixw rn-minHeight-ifefl9 rn-minWidth-bcqeeo rn-paddingTop-wk8lta rn-paddingRight-9aemit rn-paddingBottom-1mdbw0j rn-paddingLeft-gy4na3 rn-position-bnwqim"
>
  <div
    className="rn-borderTopWidth-13yce4e rn-borderRightWidth-fnigne rn-borderBottomWidth-ndvcnb rn-borderLeftWidth-gxnn5r rn-color-102hald rn-display-1471scf rn-font-1lw9tu2 rn-fontFamily-1kha5d rn-fontSize-pv2lrm rn-fontStyle-36ujnk rn-fontWeight-1od2jal rn-lineHeight-waer2z rn-marginTop-1mnahxq rn-marginRight-61z16t rn-marginBottom-p1pxzi rn-marginLeft-11wrixw rn-paddingBottom-3hmvjm rn-paddingLeft-b5h31w rn-paddingRight-9aemit rn-paddingTop-15zeulg rn-textDecoration-bauka4 rn-whiteSpace-q42fyq rn-wordWrap-qvutc0"
    dir="auto"
  >
    Omia joukkoliikennelinjoja koskevat linjatiedotteet voi tilata myös sähköpostiin luomalla HSL-tunnuksen. Sitä kautta saa tietoa ajankohtaisista liikennemuutoksista, suunnitelmista ja poikkeustilanteista niiltä linjoilta, joita itse käyttää. Palvelu on maksuton.
  </div>
</div>
`;
