// Jest Snapshot v1, https://goo.gl/fbAQLP

exports[`Storyshots Wrapper Activatable 1`] = `
<span>
  <div
    className="sc-jAaTju evHpfw"
  >
    <div
      className="Activatable-gjTqdx dYnMIL sc-bZQynM cqjYIi"
    >
      <span>
        Active
      </span>
    </div>
  </div>
  <div
    className="sc-jAaTju evHpfw"
  >
    <div
      className="Activatable-gjTqdx dYnMIL sc-bZQynM VNfM"
    >
      <span>
        Inactive
      </span>
    </div>
  </div>
  <div
    className="sc-jAaTju evHpfw"
  >
    <div
      className="Activatable-gjTqdx dYnMIL sc-bZQynM gOKaIG"
    >
      <span>
        Active
      </span>
      <div
        className="sc-gzVnrw kEJMBz"
      />
    </div>
  </div>
  <div
    className="sc-jAaTju evHpfw"
  >
    <div
      className="Activatable-gjTqdx dYnMIL sc-bZQynM gOKaIG"
    >
      <span>
        Inactive
      </span>
      <div
        className="sc-gzVnrw fbQMFa"
      />
    </div>
  </div>
</span>
`;

exports[`Storyshots Wrapper Flex 1`] = `
<div
  className="sc-cMljjf hrHBdC"
>
  <div
    className="sc-EHOje cPlLuu"
  >
    <span>
      Span
    </span>
    <button>
      Button
    </button>
    <div>
      Div
    </div>
  </div>
</div>
`;
