// Jest Snapshot v1, https://goo.gl/fbAQLP

exports[`Storyshots Wrapper Activatable 1`] = `
<span>
  <div
    className="sc-dqBHgY iwFCrK"
  >
    <div
      className="sc-iwsKbI iuVdIU sc-htoDjs jLeRxA"
    >
      <span>
        Active
      </span>
    </div>
  </div>
  <div
    className="sc-dqBHgY iwFCrK"
  >
    <div
      className="sc-iwsKbI iuVdIU sc-htoDjs dVGNcL"
    >
      <span>
        Inactive
      </span>
    </div>
  </div>
  <div
    className="sc-dqBHgY iwFCrK"
  >
    <div
      className="sc-iwsKbI iuVdIU sc-htoDjs cqkxjr"
    >
      <span>
        Active
      </span>
      <div
        className="sc-dnqmqq imtKsh"
      />
    </div>
  </div>
  <div
    className="sc-dqBHgY iwFCrK"
  >
    <div
      className="sc-iwsKbI iuVdIU sc-htoDjs cqkxjr"
    >
      <span>
        Inactive
      </span>
      <div
        className="sc-dnqmqq iWZKQX"
      />
    </div>
  </div>
</span>
`;

exports[`Storyshots Wrapper Flex 1`] = `
<div
  className="sc-kTUwUJ erbLXI"
>
  <div
    className="sc-gzVnrw cOJCMb"
  >
    <span>
      Span
    </span>
    <button>
      Button
    </button>
    <div>
      Div
    </div>
  </div>
</div>
`;
