// Jest Snapshot v1, https://goo.gl/fbAQLP

exports[`Storyshots Button default 1`] = `
<div
  className="rn-alignItems-1oszu61 rn-borderTopStyle-1efd50x rn-borderRightStyle-14skgim rn-borderBottomStyle-rull8r rn-borderLeftStyle-mm0ijv rn-borderTopWidth-13yce4e rn-borderRightWidth-fnigne rn-borderBottomWidth-ndvcnb rn-borderLeftWidth-gxnn5r rn-boxSizing-deolkf rn-display-6koalj rn-flexShrink-1qe8dj5 rn-flexBasis-1mlwlqe rn-flexDirection-eqz5dr rn-marginTop-1mnahxq rn-marginRight-61z16t rn-marginBottom-p1pxzi rn-marginLeft-11wrixw rn-minHeight-ifefl9 rn-minWidth-bcqeeo rn-paddingTop-wk8lta rn-paddingRight-9aemit rn-paddingBottom-1mdbw0j rn-paddingLeft-gy4na3 rn-position-bnwqim"
  onLongPress={undefined}
  onPress={undefined}
>
  <div
    className="rn-alignItems-1awozwy rn-backgroundColor-44z8sh rn-borderTopColor-1tvzubb rn-borderRightColor-1mf7otu rn-borderBottomColor-1nykn6n rn-borderLeftColor-ub6kyj rn-borderTopLeftRadius-kicko2 rn-borderTopRightRadius-notknq rn-borderBottomRightRadius-1dpl46z rn-borderBottomLeftRadius-6t5ypu rn-borderTopStyle-1efd50x rn-borderRightStyle-14skgim rn-borderBottomStyle-rull8r rn-borderLeftStyle-mm0ijv rn-borderTopWidth-5kkj8d rn-borderRightWidth-13l2t4g rn-borderBottomWidth-qklmqi rn-borderLeftWidth-1ljd8xs rn-boxSizing-deolkf rn-display-6koalj rn-flexShrink-1qe8dj5 rn-flexBasis-1mlwlqe rn-flexDirection-eqz5dr rn-justifyContent-1777fci rn-marginTop-1mnahxq rn-marginRight-61z16t rn-marginBottom-p1pxzi rn-marginLeft-11wrixw rn-minHeight-ifefl9 rn-minWidth-bcqeeo rn-paddingBottom-1mi0q7o rn-paddingLeft-1aminmm rn-paddingRight-18f9sac rn-paddingTop-m611by rn-position-bnwqim rn-width-gmdvlt"
  >
    <div
      className="rn-borderTopWidth-13yce4e rn-borderRightWidth-fnigne rn-borderBottomWidth-ndvcnb rn-borderLeftWidth-gxnn5r rn-color-14kmah0 rn-display-1471scf rn-font-1lw9tu2 rn-fontFamily-rxqqfj rn-fontSize-1ra0lkn rn-fontWeight-majxgm rn-letterSpacing-b1yau9 rn-lineHeight-17rnw9f rn-marginTop-1mnahxq rn-marginRight-61z16t rn-marginBottom-p1pxzi rn-marginLeft-11wrixw rn-paddingTop-wk8lta rn-paddingRight-9aemit rn-paddingBottom-1mdbw0j rn-paddingLeft-gy4na3 rn-textAlign-q4m81j rn-textDecoration-bauka4 rn-whiteSpace-q42fyq rn-wordWrap-qvutc0"
      dir="auto"
      disabled={false}
      primary={undefined}
      rounded={false}
      secondary={undefined}
    >
      Default Button
    </div>
  </div>
</div>
`;

exports[`Storyshots Button primary 1`] = `
<div
  className="rn-alignItems-1oszu61 rn-borderTopStyle-1efd50x rn-borderRightStyle-14skgim rn-borderBottomStyle-rull8r rn-borderLeftStyle-mm0ijv rn-borderTopWidth-13yce4e rn-borderRightWidth-fnigne rn-borderBottomWidth-ndvcnb rn-borderLeftWidth-gxnn5r rn-boxSizing-deolkf rn-display-6koalj rn-flexShrink-1qe8dj5 rn-flexBasis-1mlwlqe rn-flexDirection-eqz5dr rn-marginTop-1mnahxq rn-marginRight-61z16t rn-marginBottom-p1pxzi rn-marginLeft-11wrixw rn-minHeight-ifefl9 rn-minWidth-bcqeeo rn-paddingTop-wk8lta rn-paddingRight-9aemit rn-paddingBottom-1mdbw0j rn-paddingLeft-gy4na3 rn-position-bnwqim"
  onLongPress={undefined}
  onPress={undefined}
>
  <div
    className="rn-alignItems-1awozwy rn-backgroundColor-bjqepm rn-borderTopColor-u3wbm8 rn-borderRightColor-madm3w rn-borderBottomColor-5lzcx3 rn-borderLeftColor-19wuy89 rn-borderTopLeftRadius-nx6ln9 rn-borderTopRightRadius-5zkcot rn-borderBottomRightRadius-1nj69rc rn-borderBottomLeftRadius-6v0dnc rn-borderTopStyle-1efd50x rn-borderRightStyle-14skgim rn-borderBottomStyle-rull8r rn-borderLeftStyle-mm0ijv rn-borderTopWidth-5kkj8d rn-borderRightWidth-13l2t4g rn-borderBottomWidth-qklmqi rn-borderLeftWidth-1ljd8xs rn-boxSizing-deolkf rn-display-6koalj rn-flexShrink-1qe8dj5 rn-flexBasis-1mlwlqe rn-flexDirection-eqz5dr rn-justifyContent-1777fci rn-marginTop-1mnahxq rn-marginRight-61z16t rn-marginBottom-p1pxzi rn-marginLeft-11wrixw rn-minHeight-ifefl9 rn-minWidth-bcqeeo rn-paddingBottom-1mi0q7o rn-paddingLeft-1aminmm rn-paddingRight-18f9sac rn-paddingTop-m611by rn-position-bnwqim rn-width-gmdvlt"
  >
    <div
      className="rn-borderTopWidth-13yce4e rn-borderRightWidth-fnigne rn-borderBottomWidth-ndvcnb rn-borderLeftWidth-gxnn5r rn-color-1qtguxu rn-display-1471scf rn-font-1lw9tu2 rn-fontFamily-rxqqfj rn-fontSize-1ra0lkn rn-fontWeight-majxgm rn-letterSpacing-b1yau9 rn-lineHeight-17rnw9f rn-marginTop-1mnahxq rn-marginRight-61z16t rn-marginBottom-p1pxzi rn-marginLeft-11wrixw rn-paddingTop-wk8lta rn-paddingRight-9aemit rn-paddingBottom-1mdbw0j rn-paddingLeft-gy4na3 rn-textAlign-q4m81j rn-textDecoration-bauka4 rn-whiteSpace-q42fyq rn-wordWrap-qvutc0"
      dir="auto"
      disabled={false}
      primary={true}
      rounded={undefined}
      secondary={undefined}
    >
      Primary Button
    </div>
  </div>
</div>
`;

exports[`Storyshots Button secondary 1`] = `
<div
  className="rn-alignItems-1oszu61 rn-borderTopStyle-1efd50x rn-borderRightStyle-14skgim rn-borderBottomStyle-rull8r rn-borderLeftStyle-mm0ijv rn-borderTopWidth-13yce4e rn-borderRightWidth-fnigne rn-borderBottomWidth-ndvcnb rn-borderLeftWidth-gxnn5r rn-boxSizing-deolkf rn-display-6koalj rn-flexShrink-1qe8dj5 rn-flexBasis-1mlwlqe rn-flexDirection-eqz5dr rn-marginTop-1mnahxq rn-marginRight-61z16t rn-marginBottom-p1pxzi rn-marginLeft-11wrixw rn-minHeight-ifefl9 rn-minWidth-bcqeeo rn-paddingTop-wk8lta rn-paddingRight-9aemit rn-paddingBottom-1mdbw0j rn-paddingLeft-gy4na3 rn-position-bnwqim"
  onLongPress={undefined}
  onPress={undefined}
>
  <div
    className="rn-alignItems-1awozwy rn-backgroundColor-44z8sh rn-borderTopColor-1y2uaus rn-borderRightColor-10mtt9r rn-borderBottomColor-qjqnat rn-borderLeftColor-chkmcv rn-borderTopLeftRadius-kicko2 rn-borderTopRightRadius-notknq rn-borderBottomRightRadius-1dpl46z rn-borderBottomLeftRadius-6t5ypu rn-borderTopStyle-1efd50x rn-borderRightStyle-14skgim rn-borderBottomStyle-rull8r rn-borderLeftStyle-mm0ijv rn-borderTopWidth-5kkj8d rn-borderRightWidth-13l2t4g rn-borderBottomWidth-qklmqi rn-borderLeftWidth-1ljd8xs rn-boxSizing-deolkf rn-display-6koalj rn-flexShrink-1qe8dj5 rn-flexBasis-1mlwlqe rn-flexDirection-eqz5dr rn-justifyContent-1777fci rn-marginTop-1mnahxq rn-marginRight-61z16t rn-marginBottom-p1pxzi rn-marginLeft-11wrixw rn-minHeight-ifefl9 rn-minWidth-bcqeeo rn-paddingBottom-1mi0q7o rn-paddingLeft-1aminmm rn-paddingRight-18f9sac rn-paddingTop-m611by rn-position-bnwqim rn-width-gmdvlt"
  >
    <div
      className="rn-borderTopWidth-13yce4e rn-borderRightWidth-fnigne rn-borderBottomWidth-ndvcnb rn-borderLeftWidth-gxnn5r rn-color-16k5t19 rn-display-1471scf rn-font-1lw9tu2 rn-fontFamily-rxqqfj rn-fontSize-1ra0lkn rn-fontWeight-majxgm rn-letterSpacing-b1yau9 rn-lineHeight-17rnw9f rn-marginTop-1mnahxq rn-marginRight-61z16t rn-marginBottom-p1pxzi rn-marginLeft-11wrixw rn-paddingTop-wk8lta rn-paddingRight-9aemit rn-paddingBottom-1mdbw0j rn-paddingLeft-gy4na3 rn-textAlign-q4m81j rn-textDecoration-bauka4 rn-whiteSpace-q42fyq rn-wordWrap-qvutc0"
      dir="auto"
      disabled={false}
      primary={undefined}
      rounded={false}
      secondary={true}
    >
      Secondary Button
    </div>
  </div>
</div>
`;
